Archive member included to satisfy reference by file (symbol)

C:/ST/STM32CubeIDE_1.16.0/STM32CubeIDE/plugins/com.st.stm32cube.ide.mcu.externaltools.gnu-tools-for-stm32.12.3.rel1.win32_1.0.200.202406191623/tools/bin/../lib/gcc/arm-none-eabi/12.3.1/../../../../arm-none-eabi/lib/thumb/v6-m/nofp\libc_nano.a(libc_a-atoi.o)
                              ./Core/Src/Application/CC_SM.o (atoi)
C:/ST/STM32CubeIDE_1.16.0/STM32CubeIDE/plugins/com.st.stm32cube.ide.mcu.externaltools.gnu-tools-for-stm32.12.3.rel1.win32_1.0.200.202406191623/tools/bin/../lib/gcc/arm-none-eabi/12.3.1/../../../../arm-none-eabi/lib/thumb/v6-m/nofp\libc_nano.a(libc_a-exit.o)
                              C:/ST/STM32CubeIDE_1.16.0/STM32CubeIDE/plugins/com.st.stm32cube.ide.mcu.externaltools.gnu-tools-for-stm32.12.3.rel1.win32_1.0.200.202406191623/tools/bin/../lib/gcc/arm-none-eabi/12.3.1/../../../../arm-none-eabi/lib/thumb/v6-m/nofp/crt0.o (exit)
C:/ST/STM32CubeIDE_1.16.0/STM32CubeIDE/plugins/com.st.stm32cube.ide.mcu.externaltools.gnu-tools-for-stm32.12.3.rel1.win32_1.0.200.202406191623/tools/bin/../lib/gcc/arm-none-eabi/12.3.1/../../../../arm-none-eabi/lib/thumb/v6-m/nofp\libc_nano.a(libc_a-strtol.o)
                              C:/ST/STM32CubeIDE_1.16.0/STM32CubeIDE/plugins/com.st.stm32cube.ide.mcu.externaltools.gnu-tools-for-stm32.12.3.rel1.win32_1.0.200.202406191623/tools/bin/../lib/gcc/arm-none-eabi/12.3.1/../../../../arm-none-eabi/lib/thumb/v6-m/nofp\libc_nano.a(libc_a-atoi.o) (_strtol_r)
C:/ST/STM32CubeIDE_1.16.0/STM32CubeIDE/plugins/com.st.stm32cube.ide.mcu.externaltools.gnu-tools-for-stm32.12.3.rel1.win32_1.0.200.202406191623/tools/bin/../lib/gcc/arm-none-eabi/12.3.1/../../../../arm-none-eabi/lib/thumb/v6-m/nofp\libc_nano.a(libc_a-utoa.o)
                              ./Core/Src/Application/CC_SM.o (utoa)
C:/ST/STM32CubeIDE_1.16.0/STM32CubeIDE/plugins/com.st.stm32cube.ide.mcu.externaltools.gnu-tools-for-stm32.12.3.rel1.win32_1.0.200.202406191623/tools/bin/../lib/gcc/arm-none-eabi/12.3.1/../../../../arm-none-eabi/lib/thumb/v6-m/nofp\libc_nano.a(libc_a-ctype_.o)
                              ./Core/Src/Application/CC_SM.o (_ctype_)
C:/ST/STM32CubeIDE_1.16.0/STM32CubeIDE/plugins/com.st.stm32cube.ide.mcu.externaltools.gnu-tools-for-stm32.12.3.rel1.win32_1.0.200.202406191623/tools/bin/../lib/gcc/arm-none-eabi/12.3.1/../../../../arm-none-eabi/lib/thumb/v6-m/nofp\libc_nano.a(libc_a-findfp.o)
                              C:/ST/STM32CubeIDE_1.16.0/STM32CubeIDE/plugins/com.st.stm32cube.ide.mcu.externaltools.gnu-tools-for-stm32.12.3.rel1.win32_1.0.200.202406191623/tools/bin/../lib/gcc/arm-none-eabi/12.3.1/../../../../arm-none-eabi/lib/thumb/v6-m/nofp\libc_nano.a(libc_a-exit.o) (__stdio_exit_handler)
C:/ST/STM32CubeIDE_1.16.0/STM32CubeIDE/plugins/com.st.stm32cube.ide.mcu.externaltools.gnu-tools-for-stm32.12.3.rel1.win32_1.0.200.202406191623/tools/bin/../lib/gcc/arm-none-eabi/12.3.1/../../../../arm-none-eabi/lib/thumb/v6-m/nofp\libc_nano.a(libc_a-fwalk.o)
                              C:/ST/STM32CubeIDE_1.16.0/STM32CubeIDE/plugins/com.st.stm32cube.ide.mcu.externaltools.gnu-tools-for-stm32.12.3.rel1.win32_1.0.200.202406191623/tools/bin/../lib/gcc/arm-none-eabi/12.3.1/../../../../arm-none-eabi/lib/thumb/v6-m/nofp\libc_nano.a(libc_a-findfp.o) (_fwalk_sglue)
C:/ST/STM32CubeIDE_1.16.0/STM32CubeIDE/plugins/com.st.stm32cube.ide.mcu.externaltools.gnu-tools-for-stm32.12.3.rel1.win32_1.0.200.202406191623/tools/bin/../lib/gcc/arm-none-eabi/12.3.1/../../../../arm-none-eabi/lib/thumb/v6-m/nofp\libc_nano.a(libc_a-stdio.o)
                              C:/ST/STM32CubeIDE_1.16.0/STM32CubeIDE/plugins/com.st.stm32cube.ide.mcu.externaltools.gnu-tools-for-stm32.12.3.rel1.win32_1.0.200.202406191623/tools/bin/../lib/gcc/arm-none-eabi/12.3.1/../../../../arm-none-eabi/lib/thumb/v6-m/nofp\libc_nano.a(libc_a-findfp.o) (__sread)
C:/ST/STM32CubeIDE_1.16.0/STM32CubeIDE/plugins/com.st.stm32cube.ide.mcu.externaltools.gnu-tools-for-stm32.12.3.rel1.win32_1.0.200.202406191623/tools/bin/../lib/gcc/arm-none-eabi/12.3.1/../../../../arm-none-eabi/lib/thumb/v6-m/nofp\libc_nano.a(libc_a-memset.o)
                              C:/ST/STM32CubeIDE_1.16.0/STM32CubeIDE/plugins/com.st.stm32cube.ide.mcu.externaltools.gnu-tools-for-stm32.12.3.rel1.win32_1.0.200.202406191623/tools/bin/../lib/gcc/arm-none-eabi/12.3.1/../../../../arm-none-eabi/lib/thumb/v6-m/nofp/crt0.o (memset)
C:/ST/STM32CubeIDE_1.16.0/STM32CubeIDE/plugins/com.st.stm32cube.ide.mcu.externaltools.gnu-tools-for-stm32.12.3.rel1.win32_1.0.200.202406191623/tools/bin/../lib/gcc/arm-none-eabi/12.3.1/../../../../arm-none-eabi/lib/thumb/v6-m/nofp\libc_nano.a(libc_a-strncpy.o)
                              ./Core/Src/Application/CC_APP.o (strncpy)
C:/ST/STM32CubeIDE_1.16.0/STM32CubeIDE/plugins/com.st.stm32cube.ide.mcu.externaltools.gnu-tools-for-stm32.12.3.rel1.win32_1.0.200.202406191623/tools/bin/../lib/gcc/arm-none-eabi/12.3.1/../../../../arm-none-eabi/lib/thumb/v6-m/nofp\libc_nano.a(libc_a-closer.o)
[...]
Memory Configuration

Name             Origin             Length             Attributes
RAM              0x20000000         0x00024000         xrw
FLASH            0x08000000         0x00020000         xr
*default*        0x00000000         0xffffffff

Linker script and memory map

LOAD C:/ST/STM32CubeIDE_1.16.0/STM32CubeIDE/plugins/com.st.stm32cube.ide.mcu.externaltools.gnu-tools-for-stm32.12.3.rel1.win32_1.0.200.202406191623/tools/bin/../lib/gcc/arm-none-eabi/12.3.1/thumb/v6-m/nofp/crti.o
LOAD C:/ST/STM32CubeIDE_1.16.0/STM32CubeIDE/plugins/com.st.stm32cube.ide.mcu.externaltools.gnu-tools-for-stm32.12.3.rel1.win32_1.0.200.202406191623/tools/bin/../lib/gcc/arm-none-eabi/12.3.1/thumb/v6-m/nofp/crtbegin.o
LOAD C:/ST/STM32CubeIDE_1.16.0/STM32CubeIDE/plugins/com.st.stm32cube.ide.mcu.externaltools.gnu-tools-for-stm32.12.3.rel1.win32_1.0.200.202406191623/tools/bin/../lib/gcc/arm-none-eabi/12.3.1/../../../../arm-none-eabi/lib/thumb/v6-m/nofp/crt0.o
LOAD ./Core/Src/Application/CC_APP.o
LOAD ./Core/Src/Application/CC_ERR.o
LOAD ./Core/Src/Application/CC_LEDPWM.o
LOAD ./Core/Src/Application/CC_SCHDLR.o
LOAD ./Core/Src/Application/CC_SM.o
LOAD ./Core/Src/Drivers/CC_BOARDLED.o
LOAD ./Core/Src/Drivers/CC_CAN.o
LOAD ./Core/Src/Drivers/CC_DIPSW.o
LOAD ./Core/Src/Drivers/CC_IPC.o
LOAD ./Core/Src/Drivers/CC_LED.o
LOAD ./Core/Src/Drivers/CC_RTC.o
LOAD ./Core/Src/Drivers/CC_SERIAL.o
LOAD ./Core/Src/Drivers/CC_TMR.o
LOAD ./Core/Src/Drivers/CC_WATCHDOG.o
LOAD ./Core/Src/MiddleLayer/CC_ML.o
LOAD ./Core/Src/main.o
LOAD ./Core/Src/stm32g0xx_hal_msp.o
LOAD ./Core/Src/stm32g0xx_it.o
LOAD ./Core/Src/syscalls.o
LOAD ./Core/Src/sysmem.o
LOAD ./Core/Src/system_stm32g0xx.o
LOAD ./Core/Startup/startup_stm32g0b1cbtx.o
LOAD ./Drivers/STM32G0xx_HAL_Driver/Src/stm32g0xx_hal.o
LOAD ./Drivers/STM32G0xx_HAL_Driver/Src/stm32g0xx_hal_cortex.o
LOAD ./Drivers/STM32G0xx_HAL_Driver/Src/stm32g0xx_hal_dma.o
LOAD ./Drivers/STM32G0xx_HAL_Driver/Src/stm32g0xx_hal_dma_ex.o
LOAD ./Drivers/STM32G0xx_HAL_Driver/Src/stm32g0xx_hal_exti.o
LOAD ./Drivers/STM32G0xx_HAL_Driver/Src/stm32g0xx_hal_fdcan.o
LOAD ./Drivers/STM32G0xx_HAL_Driver/Src/stm32g0xx_hal_flash.o
LOAD ./Drivers/STM32G0xx_HAL_Driver/Src/stm32g0xx_hal_flash_ex.o
LOAD ./Drivers/STM32G0xx_HAL_Driver/Src/stm32g0xx_hal_gpio.o
LOAD ./Drivers/STM32G0xx_HAL_Driver/Src/stm32g0xx_hal_iwdg.o
LOAD ./Drivers/STM32G0xx_HAL_Driver/Src/stm32g0xx_hal_pwr.o
LOAD ./Drivers/STM32G0xx_HAL_Driver/Src/stm32g0xx_hal_pwr_ex.o
LOAD ./Drivers/STM32G0xx_HAL_Driver/Src/stm32g0xx_hal_rcc.o
LOAD ./Drivers/STM32G0xx_HAL_Driver/Src/stm32g0xx_hal_rcc_ex.o
LOAD ./Drivers/STM32G0xx_HAL_Driver/Src/stm32g0xx_hal_rtc.o
LOAD ./Drivers/STM32G0xx_HAL_Driver/Src/stm32g0xx_hal_rtc_ex.o
LOAD ./Drivers/STM32G0xx_HAL_Driver/Src/stm32g0xx_hal_tim.o
LOAD ./Drivers/STM32G0xx_HAL_Driver/Src/stm32g0xx_hal_tim_ex.o
LOAD ./Drivers/STM32G0xx_HAL_Driver/Src/stm32g0xx_hal_uart.o
LOAD ./Drivers/STM32G0xx_HAL_Driver/Src/stm32g0xx_hal_uart_ex.o
LOAD ./Drivers/STM32G0xx_HAL_Driver/Src/stm32g0xx_ll_rcc.o
START GROUP
LOAD C:/ST/STM32CubeIDE_1.16.0/STM32CubeIDE/plugins/com.st.stm32cube.ide.mcu.externaltools.gnu-tools-for-stm32.12.3.rel1.win32_1.0.200.202406191623/tools/bin/../lib/gcc/arm-none-eabi/12.3.1/../../../../arm-none-eabi/lib/thumb/v6-m/nofp\libc_nano.a
LOAD C:/ST/STM32CubeIDE_1.16.0/STM32CubeIDE/plugins/com.st.stm32cube.ide.mcu.externaltools.gnu-tools-for-stm32.12.3.rel1.win32_1.0.200.202406191623/tools/bin/../lib/gcc/arm-none-eabi/12.3.1/../../../../arm-none-eabi/lib/thumb/v6-m/nofp\libm.a
END GROUP
START GROUP
LOAD C:/ST/STM32CubeIDE_1.16.0/STM32CubeIDE/plugins/com.st.stm32cube.ide.mcu.externaltools.gnu-tools-for-stm32.12.3.rel1.win32_1.0.200.202406191623/tools/bin/../lib/gcc/arm-none-eabi/12.3.1/thumb/v6-m/nofp\libgcc.a
LOAD C:/ST/STM32CubeIDE_1.16.0/STM32CubeIDE/plugins/com.st.stm32cube.ide.mcu.externaltools.gnu-tools-for-stm32.12.3.rel1.win32_1.0.200.202406191623/tools/bin/../lib/gcc/arm-none-eabi/12.3.1/../../../../arm-none-eabi/lib/thumb/v6-m/nofp\libc_nano.a
END GROUP
START GROUP
LOAD C:/ST/STM32CubeIDE_1.16.0/STM32CubeIDE/plugins/com.st.stm32cube.ide.mcu.externaltools.gnu-tools-for-stm32.12.3.rel1.win32_1.0.200.202406191623/tools/bin/../lib/gcc/arm-none-eabi/12.3.1/thumb/v6-m/nofp\libgcc.a
LOAD C:/ST/STM32CubeIDE_1.16.0/STM32CubeIDE/plugins/com.st.stm32cube.ide.mcu.externaltools.gnu-tools-for-stm32.12.3.rel1.win32_1.0.200.202406191623/tools/bin/../lib/gcc/arm-none-eabi/12.3.1/../../../../arm-none-eabi/lib/thumb/v6-m/nofp\libc_nano.a
LOAD C:/ST/STM32CubeIDE_1.16.0/STM32CubeIDE/plugins/com.st.stm32cube.ide.mcu.externaltools.gnu-tools-for-stm32.12.3.rel1.win32_1.0.200.202406191623/tools/bin/../lib/gcc/arm-none-eabi/12.3.1/../../../../arm-none-eabi/lib/thumb/v6-m/nofp\libnosys.a
END GROUP
START GROUP
LOAD C:/ST/STM32CubeIDE_1.16.0/STM32CubeIDE/plugins/com.st.stm32cube.ide.mcu.externaltools.gnu-tools-for-stm32.12.3.rel1.win32_1.0.200.202406191623/tools/bin/../lib/gcc/arm-none-eabi/12.3.1/thumb/v6-m/nofp\libgcc.a
LOAD C:/ST/STM32CubeIDE_1.16.0/STM32CubeIDE/plugins/com.st.stm32cube.ide.mcu.externaltools.gnu-tools-for-stm32.12.3.rel1.win32_1.0.200.202406191623/tools/bin/../lib/gcc/arm-none-eabi/12.3.1/../../../../arm-none-eabi/lib/thumb/v6-m/nofp\libc_nano.a
LOAD C:/ST/STM32CubeIDE_1.16.0/STM32CubeIDE/plugins/com.st.stm32cube.ide.mcu.externaltools.gnu-tools-for-stm32.12.3.rel1.win32_1.0.200.202406191623/tools/bin/../lib/gcc/arm-none-eabi/12.3.1/../../../../arm-none-eabi/lib/thumb/v6-m/nofp\libnosys.a
END GROUP
LOAD C:/ST/STM32CubeIDE_1.16.0/STM32CubeIDE/plugins/com.st.stm32cube.ide.mcu.externaltools.gnu-tools-for-stm32.12.3.rel1.win32_1.0.200.202406191623/tools/bin/../lib/gcc/arm-none-eabi/12.3.1/thumb/v6-m/nofp/crtend.o
LOAD C:/ST/STM32CubeIDE_1.16.0/STM32CubeIDE/plugins/com.st.stm32cube.ide.mcu.externaltools.gnu-tools-for-stm32.12.3.rel1.win32_1.0.200.202406191623/tools/bin/../lib/gcc/arm-none-eabi/12.3.1/thumb/v6-m/nofp/crtn.o
                0x20024000                        _estack = (ORIGIN (RAM) + LENGTH (RAM))
                0x00000200                        _Min_Heap_Size = 0x200
                0x00000400                        _Min_Stack_Size = 0x400

.isr_vector     0x08000000       0xbc
                0x08000000                        . = ALIGN (0x4)
 *(.isr_vector)
 .isr_vector    0x08000000       0xbc ./Core/Startup/startup_stm32g0b1cbtx.o
                0x08000000                g_pfnVectors
                0x080000bc                        . = ALIGN (0x4)

.text           0x080000bc     0x8b24
                0x080000bc                        . = ALIGN (0x4)
 *(.text)
 .text          0x080000bc       0x48 C:/ST/STM32CubeIDE_1.16.0/STM32CubeIDE/plugins/com.st.stm32cube.ide.mcu.externaltools.gnu-tools-for-stm32.12.3.rel1.win32_1.0.200.202406191623/tools/bin/../lib/gcc/arm-none-eabi/12.3.1/thumb/v6-m/nofp/crtbegin.o
 .text          0x08000104        0xe C:/ST/STM32CubeIDE_1.16.0/STM32CubeIDE/plugins/com.st.stm32cube.ide.mcu.externaltools.gnu-tools-for-stm32.12.3.rel1.win32_1.0.200.202406191623/tools/bin/../lib/gcc/arm-none-eabi/12.3.1/../../../../arm-none-eabi/lib/thumb/v6-m/nofp\libc_nano.a(libc_a-strlen.o)
                0x08000104                strlen
 *fill*         0x08000112        0x2 
 .text          0x08000114      0x114 C:/ST/STM32CubeIDE_1.16.0/STM32CubeIDE/plugins/com.st.stm32cube.ide.mcu.externaltools.gnu-tools-for-stm32.12.3.rel1.win32_1.0.200.202406191623/tools/bin/../lib/gcc/arm-none-eabi/12.3.1/thumb/v6-m/nofp\libgcc.a(_udivsi3.o)
                0x08000114                __aeabi_uidiv
                0x08000114                __udivsi3
                0x08000220                __aeabi_uidivmod
 .text          0x08000228      0x1d4 C:/ST/STM32CubeIDE_1.16.0/STM32CubeIDE/plugins/com.st.stm32cube.ide.mcu.externaltools.gnu-tools-for-stm32.12.3.rel1.win32_1.0.200.202406191623/tools/bin/../lib/gcc/arm-none-eabi/12.3.1/thumb/v6-m/nofp\libgcc.a(_divsi3.o)
                0x08000228                __divsi3
                0x08000228                __aeabi_idiv
                0x080003f4                __aeabi_idivmod
 .text          0x080003fc        0x4 C:/ST/STM32CubeIDE_1.16.0/STM32CubeIDE/plugins/com.st.stm32cube.ide.mcu.externaltools.gnu-tools-for-stm32.12.3.rel1.win32_1.0.200.202406191623/tools/bin/../lib/gcc/arm-none-eabi/12.3.1/thumb/v6-m/nofp\libgcc.a(_dvmd_tls.o)
                0x080003fc                __aeabi_idiv0
                0x080003fc                __aeabi_ldiv0
 .text          0x08000400       0x40 C:/ST/STM32CubeIDE_1.16.0/STM32CubeIDE/plugins/com.st.stm32cube.ide.mcu.externaltools.gnu-tools-for-stm32.12.3.rel1.win32_1.0.200.202406191623/tools/bin/../lib/gcc/arm-none-eabi/12.3.1/thumb/v6-m/nofp\libgcc.a(_aeabi_uldivmod.o)
                0x08000400                __aeabi_uldivmod
 .text          0x08000440      0x198 C:/ST/STM32CubeIDE_1.16.0/STM32CubeIDE/plugins/com.st.stm32cube.ide.mcu.externaltools.gnu-tools-for-stm32.12.3.rel1.win32_1.0.200.202406191623/tools/bin/../lib/gcc/arm-none-eabi/12.3.1/thumb/v6-m/nofp\libgcc.a(_udivmoddi4.o)
                0x08000440                __udivmoddi4
 .text          0x080005d8      0x240 C:/ST/STM32CubeIDE_1.16.0/STM32CubeIDE/plugins/com.st.stm32cube.ide.mcu.externaltools.gnu-tools-for-stm32.12.3.rel1.win32_1.0.200.202406191623/tools/bin/../lib/gcc/arm-none-eabi/12.3.1/thumb/v6-m/nofp\libgcc.a(divsf3.o)
                0x080005d8                __aeabi_fdiv
 .text          0x08000818      0x27c C:/ST/STM32CubeIDE_1.16.0/STM32CubeIDE/plugins/com.st.stm32cube.ide.mcu.externaltools.gnu-tools-for-stm32.12.3.rel1.win32_1.0.200.202406191623/tools/bin/../lib/gcc/arm-none-eabi/12.3.1/thumb/v6-m/nofp\libgcc.a(mulsf3.o)
                0x08000818                __aeabi_fmul
 .text          0x08000a94       0x84 C:/ST/STM32CubeIDE_1.16.0/STM32CubeIDE/plugins/com.st.stm32cube.ide.mcu.externaltools.gnu-tools-for-stm32.12.3.rel1.win32_1.0.200.202406191623/tools/bin/../lib/gcc/arm-none-eabi/12.3.1/thumb/v6-m/nofp\libgcc.a(floatunsisf.o)
                0x08000a94                __aeabi_ui2f
 .text          0x08000b18       0x3c C:/ST/STM32CubeIDE_1.16.0/STM32CubeIDE/plugins/com.st.stm32cube.ide.mcu.externaltools.gnu-tools-for-stm32.12.3.rel1.win32_1.0.200.202406191623/tools/bin/../lib/gcc/arm-none-eabi/12.3.1/thumb/v6-m/nofp\libgcc.a(_clzsi2.o)
                0x08000b18                __clzsi2
 .text          0x08000b54       0x18 C:/ST/STM32CubeIDE_1.16.0/STM32CubeIDE/plugins/com.st.stm32cube.ide.mcu.externaltools.gnu-tools-for-stm32.12.3.rel1.win32_1.0.200.202406191623/tools/bin/../lib/gcc/arm-none-eabi/12.3.1/thumb/v6-m/nofp\libgcc.a(_clzdi2.o)
                0x08000b54                __clzdi2
 *(.text*)
 .text.CC_APP_Nop
                0x08000b6c       0x16 ./Core/Src/Application/CC_APP.o
                0x08000b6c                CC_APP_Nop
 *fill*         0x08000b82        0x2 
 .text.CC_APP_BoardLedBlinking
                0x08000b84       0x48 ./Core/Src/Application/CC_APP.o
                0x08000b84                CC_APP_BoardLedBlinking
 .text.CC_APP_SetBoardParam
                0x08000bcc       0xa4 ./Core/Src/Application/CC_APP.o
                0x08000bcc                CC_APP_SetBoardParam
 .text.CC_LEDPWM_Init
                0x08000c70       0x70 ./Core/Src/Application/CC_LEDPWM.o
                0x08000c70                CC_LEDPWM_Init
 .text.CC_LEDPWM_CntrCalculus
                0x08000ce0       0xec ./Core/Src/Application/CC_LEDPWM.o
                0x08000ce0                CC_LEDPWM_CntrCalculus
 .text.CC_LEDPWM_IncreaseCntr
                0x08000dcc       0x3e ./Core/Src/Application/CC_LEDPWM.o
                0x08000dcc                CC_LEDPWM_IncreaseCntr
 .text.CC_LEDPWM_UpdatePwms
                0x08000e0a       0xea ./Core/Src/Application/CC_LEDPWM.o
                0x08000e0a                CC_LEDPWM_UpdatePwms
 .text.CC_SCHDLR_Scheduler
                0x08000ef4       0x9e ./Core/Src/Application/CC_SCHDLR.o
                0x08000ef4                CC_SCHDLR_Scheduler
 *fill*         0x08000f92        0x2 
 .text.CC_SCHDLR_CheckForSchedulerOverflow
                0x08000f94       0x3c ./Core/Src/Application/CC_SCHDLR.o
                0x08000f94                CC_SCHDLR_CheckForSchedulerOverflow
 .text.CC_SCHDLR_SchedulerUsage
                0x08000fd0       0x8c ./Core/Src/Application/CC_SCHDLR.o
                0x08000fd0                CC_SCHDLR_SchedulerUsage
 .text.CC_SCHDLR_InitScheduler
                0x0800105c      0x174 ./Core/Src/Application/CC_SCHDLR.o
                0x0800105c                CC_SCHDLR_InitScheduler
 .text.CC_SCHDLR_InitNestedScheduler
                0x080011d0      0x1d4 ./Core/Src/Application/CC_SCHDLR.o
                0x080011d0                CC_SCHDLR_InitNestedScheduler
 .text.CC_SM_UsartSM
                0x080013a4      0x6e8 ./Core/Src/Application/CC_SM.o
                0x080013a4                CC_SM_UsartSM
 .text.CC_BOARDLED_Led1Toggle
                0x08001a8c       0x16 ./Core/Src/Drivers/CC_BOARDLED.o
                0x08001a8c                CC_BOARDLED_Led1Toggle
 .text.CC_CAN_EnableCANInt
                0x08001aa2       0x22 ./Core/Src/Drivers/CC_CAN.o
                0x08001aa2                CC_CAN_EnableCANInt
 .text.CC_CAN_StartCAN
                0x08001ac4       0x1a ./Core/Src/Drivers/CC_CAN.o
                0x08001ac4                CC_CAN_StartCAN
 .text.CC_CAN_SendMessage
                0x08001ade       0x22 ./Core/Src/Drivers/CC_CAN.o
                0x08001ade                CC_CAN_SendMessage
 .text.CC_CAN_Init
                0x08001b00       0x48 ./Core/Src/Drivers/CC_CAN.o
                0x08001b00                CC_CAN_Init
 .text.HAL_FDCAN_RxFifo0Callback
                0x08001b48       0x54 ./Core/Src/Drivers/CC_CAN.o
                0x08001b48                HAL_FDCAN_RxFifo0Callback
 .text.CC_DIPSW_GetDipSwitch4pos
                0x08001b9c       0xcc ./Core/Src/Drivers/CC_DIPSW.o
                0x08001b9c                CC_DIPSW_GetDipSwitch4pos
 .text.CC_LED_TurnOnRedOnStrip1
                0x08001c68       0x1c ./Core/Src/Drivers/CC_LED.o
                0x08001c68                CC_LED_TurnOnRedOnStrip1
 .text.CC_LED_TurnOnGreenOnStrip1
                0x08001c84       0x1c ./Core/Src/Drivers/CC_LED.o
                0x08001c84                CC_LED_TurnOnGreenOnStrip1
 .text.CC_LED_TurnOnBlueOnStrip1
                0x08001ca0       0x1c ./Core/Src/Drivers/CC_LED.o
                0x08001ca0                CC_LED_TurnOnBlueOnStrip1
 .text.CC_LED_TurnOffRedOnStrip1
                0x08001cbc       0x1c ./Core/Src/Drivers/CC_LED.o
                0x08001cbc                CC_LED_TurnOffRedOnStrip1
 .text.CC_LED_TurnOffGreenOnStrip1
                0x08001cd8       0x1c ./Core/Src/Drivers/CC_LED.o
                0x08001cd8                CC_LED_TurnOffGreenOnStrip1
 .text.CC_LED_TurnOffBlueOnStrip1
                0x08001cf4       0x1c ./Core/Src/Drivers/CC_LED.o
                0x08001cf4                CC_LED_TurnOffBlueOnStrip1
 .text.CC_LED_TurnOnRedOnStrip2
                0x08001d10       0x1c ./Core/Src/Drivers/CC_LED.o
                0x08001d10                CC_LED_TurnOnRedOnStrip2
 .text.CC_LED_TurnOnGreenOnStrip2
                0x08001d2c       0x1c ./Core/Src/Drivers/CC_LED.o
                0x08001d2c                CC_LED_TurnOnGreenOnStrip2
 .text.CC_LED_TurnOnBlueOnStrip2
                0x08001d48       0x1c ./Core/Src/Drivers/CC_LED.o
                0x08001d48                CC_LED_TurnOnBlueOnStrip2
 .text.CC_LED_TurnOffRedOnStrip2
                0x08001d64       0x1c ./Core/Src/Drivers/CC_LED.o
                0x08001d64                CC_LED_TurnOffRedOnStrip2
 .text.CC_LED_TurnOffGreenOnStrip2
                0x08001d80       0x1c ./Core/Src/Drivers/CC_LED.o
                0x08001d80                CC_LED_TurnOffGreenOnStrip2
 .text.CC_LED_TurnOffBlueOnStrip2
                0x08001d9c       0x1c ./Core/Src/Drivers/CC_LED.o
                0x08001d9c                CC_LED_TurnOffBlueOnStrip2
 .text.CC_LED_TurnOnRedOnStrip3
                0x08001db8       0x1c ./Core/Src/Drivers/CC_LED.o
                0x08001db8                CC_LED_TurnOnRedOnStrip3
 .text.CC_LED_TurnOnGreenOnStrip3
                0x08001dd4       0x1c ./Core/Src/Drivers/CC_LED.o
                0x08001dd4                CC_LED_TurnOnGreenOnStrip3
 .text.CC_LED_TurnOnBlueOnStrip3
                0x08001df0       0x1c ./Core/Src/Drivers/CC_LED.o
                0x08001df0                CC_LED_TurnOnBlueOnStrip3
 .text.CC_LED_TurnOffRedOnStrip3
                0x08001e0c       0x1c ./Core/Src/Drivers/CC_LED.o
                0x08001e0c                CC_LED_TurnOffRedOnStrip3
 .text.CC_LED_TurnOffGreenOnStrip3
                0x08001e28       0x1c ./Core/Src/Drivers/CC_LED.o
                0x08001e28                CC_LED_TurnOffGreenOnStrip3
 .text.CC_LED_TurnOffBlueOnStrip3
                0x08001e44       0x1c ./Core/Src/Drivers/CC_LED.o
                0x08001e44                CC_LED_TurnOffBlueOnStrip3
 .text.CC_LED_TurnOnRedOnStrip4
                0x08001e60       0x1c ./Core/Src/Drivers/CC_LED.o
                0x08001e60                CC_LED_TurnOnRedOnStrip4
 .text.CC_LED_TurnOnGreenOnStrip4
                0x08001e7c       0x1c ./Core/Src/Drivers/CC_LED.o
                0x08001e7c                CC_LED_TurnOnGreenOnStrip4
 .text.CC_LED_TurnOnBlueOnStrip4
                0x08001e98       0x1a ./Core/Src/Drivers/CC_LED.o
                0x08001e98                CC_LED_TurnOnBlueOnStrip4
 *fill*         0x08001eb2        0x2 
 .text.CC_LED_TurnOffRedOnStrip4
                0x08001eb4       0x1c ./Core/Src/Drivers/CC_LED.o
                0x08001eb4                CC_LED_TurnOffRedOnStrip4
 .text.CC_LED_TurnOffGreenOnStrip4
                0x08001ed0       0x1c ./Core/Src/Drivers/CC_LED.o
                0x08001ed0                CC_LED_TurnOffGreenOnStrip4
 .text.CC_LED_TurnOffBlueOnStrip4
                0x08001eec       0x1a ./Core/Src/Drivers/CC_LED.o
                0x08001eec                CC_LED_TurnOffBlueOnStrip4
 .text.CC_LED_TurnOnRedOnStrip5
                0x08001f06       0x1a ./Core/Src/Drivers/CC_LED.o
                0x08001f06                CC_LED_TurnOnRedOnStrip5
 .text.CC_LED_TurnOnGreenOnStrip5
                0x08001f20       0x1a ./Core/Src/Drivers/CC_LED.o
                0x08001f20                CC_LED_TurnOnGreenOnStrip5
 *fill*         0x08001f3a        0x2 
 .text.CC_LED_TurnOnBlueOnStrip5
                0x08001f3c       0x1c ./Core/Src/Drivers/CC_LED.o
                0x08001f3c                CC_LED_TurnOnBlueOnStrip5
 .text.CC_LED_TurnOffRedOnStrip5
                0x08001f58       0x1a ./Core/Src/Drivers/CC_LED.o
                0x08001f58                CC_LED_TurnOffRedOnStrip5
 .text.CC_LED_TurnOffGreenOnStrip5
                0x08001f72       0x1a ./Core/Src/Drivers/CC_LED.o
                0x08001f72                CC_LED_TurnOffGreenOnStrip5
 .text.CC_LED_TurnOffBlueOnStrip5
                0x08001f8c       0x1c ./Core/Src/Drivers/CC_LED.o
                0x08001f8c                CC_LED_TurnOffBlueOnStrip5
 .text.CC_LED_TurnOnRedOnStrip6
                0x08001fa8       0x1c ./Core/Src/Drivers/CC_LED.o
                0x08001fa8                CC_LED_TurnOnRedOnStrip6
 .text.CC_LED_TurnOnGreenOnStrip6
                0x08001fc4       0x1a ./Core/Src/Drivers/CC_LED.o
                0x08001fc4                CC_LED_TurnOnGreenOnStrip6
 *fill*         0x08001fde        0x2 
 .text.CC_LED_TurnOnBlueOnStrip6
                0x08001fe0       0x1c ./Core/Src/Drivers/CC_LED.o
                0x08001fe0                CC_LED_TurnOnBlueOnStrip6
 .text.CC_LED_TurnOffRedOnStrip6
                0x08001ffc       0x1c ./Core/Src/Drivers/CC_LED.o
                0x08001ffc                CC_LED_TurnOffRedOnStrip6
 .text.CC_LED_TurnOffGreenOnStrip6
                0x08002018       0x1a ./Core/Src/Drivers/CC_LED.o
                0x08002018                CC_LED_TurnOffGreenOnStrip6
 *fill*         0x08002032        0x2 
 .text.CC_LED_TurnOffBlueOnStrip6
                0x08002034       0x1c ./Core/Src/Drivers/CC_LED.o
                0x08002034                CC_LED_TurnOffBlueOnStrip6
 .text.CC_LED_TurnOnRedOnStrip7
                0x08002050       0x1c ./Core/Src/Drivers/CC_LED.o
                0x08002050                CC_LED_TurnOnRedOnStrip7
 .text.CC_LED_TurnOnGreenOnStrip7
                0x0800206c       0x1c ./Core/Src/Drivers/CC_LED.o
                0x0800206c                CC_LED_TurnOnGreenOnStrip7
 .text.CC_LED_TurnOnBlueOnStrip7
                0x08002088       0x1c ./Core/Src/Drivers/CC_LED.o
                0x08002088                CC_LED_TurnOnBlueOnStrip7
 .text.CC_LED_TurnOffRedOnStrip7
                0x080020a4       0x1c ./Core/Src/Drivers/CC_LED.o
                0x080020a4                CC_LED_TurnOffRedOnStrip7
 .text.CC_LED_TurnOffGreenOnStrip7
                0x080020c0       0x1c ./Core/Src/Drivers/CC_LED.o
                0x080020c0                CC_LED_TurnOffGreenOnStrip7
 .text.CC_LED_TurnOffBlueOnStrip7
                0x080020dc       0x1c ./Core/Src/Drivers/CC_LED.o
                0x080020dc                CC_LED_TurnOffBlueOnStrip7
 .text.CC_LED_TurnOnRedOnStrip8
                0x080020f8       0x1c ./Core/Src/Drivers/CC_LED.o
                0x080020f8                CC_LED_TurnOnRedOnStrip8
 .text.CC_LED_TurnOnGreenOnStrip8
                0x08002114       0x1c ./Core/Src/Drivers/CC_LED.o
                0x08002114                CC_LED_TurnOnGreenOnStrip8
 .text.CC_LED_TurnOnBlueOnStrip8
                0x08002130       0x1c ./Core/Src/Drivers/CC_LED.o
                0x08002130                CC_LED_TurnOnBlueOnStrip8
 .text.CC_LED_TurnOffRedOnStrip8
                0x0800214c       0x1c ./Core/Src/Drivers/CC_LED.o
                0x0800214c                CC_LED_TurnOffRedOnStrip8
 .text.CC_LED_TurnOffGreenOnStrip8
                0x08002168       0x1c ./Core/Src/Drivers/CC_LED.o
                0x08002168                CC_LED_TurnOffGreenOnStrip8
 .text.CC_LED_TurnOffBlueOnStrip8
                0x08002184       0x1c ./Core/Src/Drivers/CC_LED.o
                0x08002184                CC_LED_TurnOffBlueOnStrip8
 .text.CC_LED_TurnOnRedOnStrip9
                0x080021a0       0x18 ./Core/Src/Drivers/CC_LED.o
                0x080021a0                CC_LED_TurnOnRedOnStrip9
 .text.CC_LED_TurnOnGreenOnStrip9
                0x080021b8       0x18 ./Core/Src/Drivers/CC_LED.o
                0x080021b8                CC_LED_TurnOnGreenOnStrip9
 .text.CC_LED_TurnOnBlueOnStrip9
                0x080021d0       0x18 ./Core/Src/Drivers/CC_LED.o
                0x080021d0                CC_LED_TurnOnBlueOnStrip9
 .text.CC_LED_TurnOffRedOnStrip9
                0x080021e8       0x18 ./Core/Src/Drivers/CC_LED.o
                0x080021e8                CC_LED_TurnOffRedOnStrip9
 .text.CC_LED_TurnOffGreenOnStrip9
                0x08002200       0x18 ./Core/Src/Drivers/CC_LED.o
                0x08002200                CC_LED_TurnOffGreenOnStrip9
 .text.CC_LED_TurnOffBlueOnStrip9
                0x08002218       0x18 ./Core/Src/Drivers/CC_LED.o
                0x08002218                CC_LED_TurnOffBlueOnStrip9
 .text.CC_LED_TurnOnRedOnStrip10
                0x08002230       0x18 ./Core/Src/Drivers/CC_LED.o
                0x08002230                CC_LED_TurnOnRedOnStrip10
 .text.CC_LED_TurnOnGreenOnStrip10
                0x08002248       0x18 ./Core/Src/Drivers/CC_LED.o
                0x08002248                CC_LED_TurnOnGreenOnStrip10
 .text.CC_LED_TurnOnBlueOnStrip10
                0x08002260       0x18 ./Core/Src/Drivers/CC_LED.o
                0x08002260                CC_LED_TurnOnBlueOnStrip10
 .text.CC_LED_TurnOffRedOnStrip10
                0x08002278       0x18 ./Core/Src/Drivers/CC_LED.o
                0x08002278                CC_LED_TurnOffRedOnStrip10
 .text.CC_LED_TurnOffGreenOnStrip10
                0x08002290       0x18 ./Core/Src/Drivers/CC_LED.o
                0x08002290                CC_LED_TurnOffGreenOnStrip10
 .text.CC_LED_TurnOffBlueOnStrip10
                0x080022a8       0x18 ./Core/Src/Drivers/CC_LED.o
                0x080022a8                CC_LED_TurnOffBlueOnStrip10
 .text.CC_RTC_SetTimeAndDate
                0x080022c0       0x8e ./Core/Src/Drivers/CC_RTC.o
                0x080022c0                CC_RTC_SetTimeAndDate
 .text.CC_RTC_SetDefaultTimeAndDate
                0x0800234e       0x54 ./Core/Src/Drivers/CC_RTC.o
                0x0800234e                CC_RTC_SetDefaultTimeAndDate
 *fill*         0x080023a2        0x2 
 .text.CC_RTC_Init
                0x080023a4       0x58 ./Core/Src/Drivers/CC_RTC.o
                0x080023a4                CC_RTC_Init
 .text.HAL_UART_RxCpltCallback
                0x080023fc       0x30 ./Core/Src/Drivers/CC_SERIAL.o
                0x080023fc                HAL_UART_RxCpltCallback
 .text.CC_SERIAL_SendData
                0x0800242c       0x26 ./Core/Src/Drivers/CC_SERIAL.o
                0x0800242c                CC_SERIAL_SendData
 .text.CC_SERIAL_EnableRxIntUART
                0x08002452       0x26 ./Core/Src/Drivers/CC_SERIAL.o
                0x08002452                CC_SERIAL_EnableRxIntUART
 .text.CC_TMR_CheckTimIntFlag
                0x08002478       0x24 ./Core/Src/Drivers/CC_TMR.o
                0x08002478                CC_TMR_CheckTimIntFlag
 .text.CC_TMR_GetElapsedCounts
                0x0800249c       0x16 ./Core/Src/Drivers/CC_TMR.o
                0x0800249c                CC_TMR_GetElapsedCounts
 .text.CC_TMR_GetLimitCounts
                0x080024b2       0x16 ./Core/Src/Drivers/CC_TMR.o
                0x080024b2                CC_TMR_GetLimitCounts
 .text.CC_TMR_TimerInit
                0x080024c8       0x1a ./Core/Src/Drivers/CC_TMR.o
                0x080024c8                CC_TMR_TimerInit
 .text.CC_TMR_TimerStartAndInterruptsGen
                0x080024e2       0x1a ./Core/Src/Drivers/CC_TMR.o
                0x080024e2                CC_TMR_TimerStartAndInterruptsGen
 .text.CC_TMR_StartTimer
                0x080024fc       0x1a ./Core/Src/Drivers/CC_TMR.o
                0x080024fc                CC_TMR_StartTimer
 .text.CC_TMR_StopTimer
                0x08002516       0x1a ./Core/Src/Drivers/CC_TMR.o
                0x08002516                CC_TMR_StopTimer
 .text.CC_TMR_SetTimer
                0x08002530       0x1a ./Core/Src/Drivers/CC_TMR.o
                0x08002530                CC_TMR_SetTimer
 .text.CC_WATCHDOG_RefreshWdg
                0x0800254a       0x1a ./Core/Src/Drivers/CC_WATCHDOG.o
                0x0800254a                CC_WATCHDOG_RefreshWdg
 .text.CC_ML_RefreshWatchdog
                0x08002564       0x2e ./Core/Src/MiddleLayer/CC_ML.o
                0x08002564                CC_ML_RefreshWatchdog
 *fill*         0x08002592        0x2 
 .text.CC_ML_StartSoftPwmBasetimeAndInterrupts
                0x08002594       0x20 ./Core/Src/MiddleLayer/CC_ML.o
                0x08002594                CC_ML_StartSoftPwmBasetimeAndInterrupts
 .text.CC_ML_StartScheduler
                0x080025b4       0x20 ./Core/Src/MiddleLayer/CC_ML.o
                0x080025b4                CC_ML_StartScheduler
 .text.CC_ML_SendUARTChar
                0x080025d4       0x2c ./Core/Src/MiddleLayer/CC_ML.o
                0x080025d4                CC_ML_SendUARTChar
 .text.CC_ML_SendUARTString
                0x08002600       0xb6 ./Core/Src/MiddleLayer/CC_ML.o
                0x08002600                CC_ML_SendUARTString
 *fill*         0x080026b6        0x2 
 .text.CC_ML_ClearUARTRxData
                0x080026b8       0x14 ./Core/Src/MiddleLayer/CC_ML.o
                0x080026b8                CC_ML_ClearUARTRxData
 .text.CC_ML_EnableRxIntUart
                0x080026cc       0x30 ./Core/Src/MiddleLayer/CC_ML.o
                0x080026cc                CC_ML_EnableRxIntUart
 .text.CC_ML_InitCan
                0x080026fc       0x18 ./Core/Src/MiddleLayer/CC_ML.o
                0x080026fc                CC_ML_InitCan
 .text.CC_ML_StartCan
                0x08002714       0x28 ./Core/Src/MiddleLayer/CC_ML.o
                0x08002714                CC_ML_StartCan
 .text.CC_ML_EnableCanRxInt
                0x0800273c       0x2c ./Core/Src/MiddleLayer/CC_ML.o
                0x0800273c                CC_ML_EnableCanRxInt
 .text.CC_ML_SendMessageCan
                0x08002768       0x3a ./Core/Src/MiddleLayer/CC_ML.o
                0x08002768                CC_ML_SendMessageCan
 .text.CC_ML_GetDipSwitch4pos
                0x080027a2       0x20 ./Core/Src/MiddleLayer/CC_ML.o
                0x080027a2                CC_ML_GetDipSwitch4pos
 .text.CC_ML_UpdateSysIdFromDipSwitch
                0x080027c2       0x26 ./Core/Src/MiddleLayer/CC_ML.o
                0x080027c2                CC_ML_UpdateSysIdFromDipSwitch
 .text.CC_ML_GetTimerElapsedCounts
                0x080027e8       0x1a ./Core/Src/MiddleLayer/CC_ML.o
                0x080027e8                CC_ML_GetTimerElapsedCounts
 .text.CC_ML_GetTimerLimitCounts
                0x08002802       0x1a ./Core/Src/MiddleLayer/CC_ML.o
                0x08002802                CC_ML_GetTimerLimitCounts
 .text.CC_ML_StartTimer
                0x0800281c       0x26 ./Core/Src/MiddleLayer/CC_ML.o
                0x0800281c                CC_ML_StartTimer
 .text.CC_ML_StopTimer
                0x08002842       0x26 ./Core/Src/MiddleLayer/CC_ML.o
                0x08002842                CC_ML_StopTimer
 .text.CC_ML_SetTimer
                0x08002868       0x1e ./Core/Src/MiddleLayer/CC_ML.o
                0x08002868                CC_ML_SetTimer
 .text.CC_ML_CheckTimIntFlag
                0x08002886       0x1a ./Core/Src/MiddleLayer/CC_ML.o
                0x08002886                CC_ML_CheckTimIntFlag
 .text.CC_ML_LedBoardToggle
                0x080028a0        0xe ./Core/Src/MiddleLayer/CC_ML.o
                0x080028a0                CC_ML_LedBoardToggle
 .text.CC_ML_SetDefaultRTC
                0x080028ae       0x26 ./Core/Src/MiddleLayer/CC_ML.o
                0x080028ae                CC_ML_SetDefaultRTC
 .text.CC_ML_InitRTC
                0x080028d4       0x26 ./Core/Src/MiddleLayer/CC_ML.o
                0x080028d4                CC_ML_InitRTC
 *fill*         0x080028fa        0x2 
 .text.main     0x080028fc       0x8c ./Core/Src/main.o
                0x080028fc                main
 .text.SystemClock_Config
                0x08002988       0xc8 ./Core/Src/main.o
                0x08002988                SystemClock_Config
 .text.MX_FDCAN2_Init
                0x08002a50       0x90 ./Core/Src/main.o
 .text.MX_IWDG_Init
                0x08002ae0       0x44 ./Core/Src/main.o
 .text.MX_RTC_Init
                0x08002b24       0x5c ./Core/Src/main.o
 .text.MX_TIM6_Init
                0x08002b80       0x78 ./Core/Src/main.o
 .text.MX_TIM7_Init
                0x08002bf8       0x78 ./Core/Src/main.o
 .text.MX_TIM14_Init
                0x08002c70       0x4c ./Core/Src/main.o
 .text.MX_USART1_UART_Init
                0x08002cbc       0x9c ./Core/Src/main.o
 .text.MX_GPIO_Init
                0x08002d58      0x1e4 ./Core/Src/main.o
 .text.Error_Handler
                0x08002f3c        0xc ./Core/Src/main.o
                0x08002f3c                Error_Handler
 .text.HAL_MspInit
                0x08002f48       0x50 ./Core/Src/stm32g0xx_hal_msp.o
                0x08002f48                HAL_MspInit
 .text.HAL_FDCAN_MspInit
                0x08002f98       0xe4 ./Core/Src/stm32g0xx_hal_msp.o
                0x08002f98                HAL_FDCAN_MspInit
 .text.HAL_RTC_MspInit
                0x0800307c       0x7c ./Core/Src/stm32g0xx_hal_msp.o
                0x0800307c                HAL_RTC_MspInit
 .text.HAL_TIM_Base_MspInit
                0x080030f8       0xb0 ./Core/Src/stm32g0xx_hal_msp.o
                0x080030f8                HAL_TIM_Base_MspInit
 .text.HAL_UART_MspInit
                0x080031a8       0xd4 ./Core/Src/stm32g0xx_hal_msp.o
                0x080031a8                HAL_UART_MspInit
 .text.NMI_Handler
                0x0800327c        0x8 ./Core/Src/stm32g0xx_it.o
                0x0800327c                NMI_Handler
 .text.HardFault_Handler
                0x08003284        0x8 ./Core/Src/stm32g0xx_it.o
                0x08003284                HardFault_Handler
 .text.SVC_Handler
                0x0800328c        0xa ./Core/Src/stm32g0xx_it.o
                0x0800328c                SVC_Handler
 .text.PendSV_Handler
                0x08003296        0xa ./Core/Src/stm32g0xx_it.o
                0x08003296                PendSV_Handler
 .text.SysTick_Handler
                0x080032a0        0xe ./Core/Src/stm32g0xx_it.o
                0x080032a0                SysTick_Handler
 *fill*         0x080032ae        0x2 
 .text.TIM7_LPTIM2_IRQHandler
                0x080032b0       0x44 ./Core/Src/stm32g0xx_it.o
                0x080032b0                TIM7_LPTIM2_IRQHandler
 .text.TIM14_IRQHandler
                0x080032f4       0x78 ./Core/Src/stm32g0xx_it.o
                0x080032f4                TIM14_IRQHandler
 .text.TIM16_FDCAN_IT0_IRQHandler
                0x0800336c       0x18 ./Core/Src/stm32g0xx_it.o
                0x0800336c                TIM16_FDCAN_IT0_IRQHandler
 .text.TIM17_FDCAN_IT1_IRQHandler
                0x08003384       0x18 ./Core/Src/stm32g0xx_it.o
                0x08003384                TIM17_FDCAN_IT1_IRQHandler
 .text.USART1_IRQHandler
                0x0800339c       0x18 ./Core/Src/stm32g0xx_it.o
                0x0800339c                USART1_IRQHandler
 .text.SystemInit
                0x080033b4        0xa ./Core/Src/system_stm32g0xx.o
                0x080033b4                SystemInit
 *fill*         0x080033be        0x2 
 .text.Reset_Handler
                0x080033c0       0x50 ./Core/Startup/startup_stm32g0b1cbtx.o
                0x080033c0                Reset_Handler
 .text.Default_Handler
                0x08003410        0x2 ./Core/Startup/startup_stm32g0b1cbtx.o
                0x08003410                I2C2_3_IRQHandler
                0x08003410                USART3_4_5_6_LPUART1_IRQHandler
                0x08003410                TIM1_CC_IRQHandler
                0x08003410                ADC1_COMP_IRQHandler
                0x08003410                I2C1_IRQHandler
                0x08003410                DMA1_Ch4_7_DMA2_Ch1_5_DMAMUX1_OVR_IRQHandler
                0x08003410                RCC_CRS_IRQHandler
                0x08003410                RTC_TAMP_IRQHandler
                0x08003410                SPI1_IRQHandler
                0x08003410                USB_UCPD1_2_IRQHandler
                0x08003410                EXTI2_3_IRQHandler
                0x08003410                USART2_LPUART2_IRQHandler
                0x08003410                PVD_VDDIO2_IRQHandler
                0x08003410                EXTI4_15_IRQHandler
                0x08003410                DMA1_Channel1_IRQHandler
                0x08003410                Default_Handler
                0x08003410                CEC_IRQHandler
                0x08003410                TIM15_IRQHandler
                0x08003410                TIM3_TIM4_IRQHandler
                0x08003410                EXTI0_1_IRQHandler
                0x08003410                SPI2_3_IRQHandler
                0x08003410                TIM6_DAC_LPTIM1_IRQHandler
                0x08003410                WWDG_IRQHandler
                0x08003410                TIM2_IRQHandler
                0x08003410                DMA1_Channel2_3_IRQHandler
                0x08003410                FLASH_IRQHandler
                0x08003410                TIM1_BRK_UP_TRG_COM_IRQHandler
 *fill*         0x08003412        0x2 
 .text.HAL_Init
                0x08003414       0x40 ./Drivers/STM32G0xx_HAL_Driver/Src/stm32g0xx_hal.o
                0x08003414                HAL_Init
 .text.HAL_InitTick
                0x08003454       0x94 ./Drivers/STM32G0xx_HAL_Driver/Src/stm32g0xx_hal.o
                0x08003454                HAL_InitTick
 .text.HAL_IncTick
                0x080034e8       0x24 ./Drivers/STM32G0xx_HAL_Driver/Src/stm32g0xx_hal.o
                0x080034e8                HAL_IncTick
 .text.HAL_GetTick
                0x0800350c       0x14 ./Drivers/STM32G0xx_HAL_Driver/Src/stm32g0xx_hal.o
                0x0800350c                HAL_GetTick
 .text.HAL_SYSCFG_StrobeDBattpinsConfig
                0x08003520       0x2c ./Drivers/STM32G0xx_HAL_Driver/Src/stm32g0xx_hal.o
                0x08003520                HAL_SYSCFG_StrobeDBattpinsConfig
 .text.__NVIC_EnableIRQ
                0x0800354c       0x34 ./Drivers/STM32G0xx_HAL_Driver/Src/stm32g0xx_hal_cortex.o
 .text.__NVIC_SetPriority
                0x08003580       0xdc ./Drivers/STM32G0xx_HAL_Driver/Src/stm32g0xx_hal_cortex.o
 .text.SysTick_Config
                0x0800365c       0x48 ./Drivers/STM32G0xx_HAL_Driver/Src/stm32g0xx_hal_cortex.o
 .text.HAL_NVIC_SetPriority
                0x080036a4       0x2a ./Drivers/STM32G0xx_HAL_Driver/Src/stm32g0xx_hal_cortex.o
                0x080036a4                HAL_NVIC_SetPriority
 .text.HAL_NVIC_EnableIRQ
                0x080036ce       0x20 ./Drivers/STM32G0xx_HAL_Driver/Src/stm32g0xx_hal_cortex.o
                0x080036ce                HAL_NVIC_EnableIRQ
 .text.HAL_SYSTICK_Config
                0x080036ee       0x1a ./Drivers/STM32G0xx_HAL_Driver/Src/stm32g0xx_hal_cortex.o
                0x080036ee                HAL_SYSTICK_Config
 .text.HAL_DMA_Abort
                0x08003708       0xc0 ./Drivers/STM32G0xx_HAL_Driver/Src/stm32g0xx_hal_dma.o
                0x08003708                HAL_DMA_Abort
 .text.HAL_DMA_Abort_IT
                0x080037c8       0xd0 ./Drivers/STM32G0xx_HAL_Driver/Src/stm32g0xx_hal_dma.o
                0x080037c8                HAL_DMA_Abort_IT
 .text.HAL_FDCAN_Init
                0x08003898      0x2cc ./Drivers/STM32G0xx_HAL_Driver/Src/stm32g0xx_hal_fdcan.o
                0x08003898                HAL_FDCAN_Init
 .text.HAL_FDCAN_Start
                0x08003b64       0x4c ./Drivers/STM32G0xx_HAL_Driver/Src/stm32g0xx_hal_fdcan.o
                0x08003b64                HAL_FDCAN_Start
 .text.HAL_FDCAN_AddMessageToTxFifoQ
                0x08003bb0       0x8a ./Drivers/STM32G0xx_HAL_Driver/Src/stm32g0xx_hal_fdcan.o
                0x08003bb0                HAL_FDCAN_AddMessageToTxFifoQ
 *fill*         0x08003c3a        0x2 
 .text.HAL_FDCAN_GetRxMessage
                0x08003c3c      0x21c ./Drivers/STM32G0xx_HAL_Driver/Src/stm32g0xx_hal_fdcan.o
                0x08003c3c                HAL_FDCAN_GetRxMessage
 .text.HAL_FDCAN_ActivateNotification
                0x08003e58      0x1ac ./Drivers/STM32G0xx_HAL_Driver/Src/stm32g0xx_hal_fdcan.o
                0x08003e58                HAL_FDCAN_ActivateNotification
 .text.HAL_FDCAN_IRQHandler
                0x08004004      0x26a ./Drivers/STM32G0xx_HAL_Driver/Src/stm32g0xx_hal_fdcan.o
                0x08004004                HAL_FDCAN_IRQHandler
 .text.HAL_FDCAN_TxEventFifoCallback
                0x0800426e       0x12 ./Drivers/STM32G0xx_HAL_Driver/Src/stm32g0xx_hal_fdcan.o
                0x0800426e                HAL_FDCAN_TxEventFifoCallback
 .text.HAL_FDCAN_RxFifo1Callback
                0x08004280       0x12 ./Drivers/STM32G0xx_HAL_Driver/Src/stm32g0xx_hal_fdcan.o
                0x08004280                HAL_FDCAN_RxFifo1Callback
 .text.HAL_FDCAN_TxFifoEmptyCallback
                0x08004292       0x10 ./Drivers/STM32G0xx_HAL_Driver/Src/stm32g0xx_hal_fdcan.o
                0x08004292                HAL_FDCAN_TxFifoEmptyCallback
 .text.HAL_FDCAN_TxBufferCompleteCallback
                0x080042a2       0x12 ./Drivers/STM32G0xx_HAL_Driver/Src/stm32g0xx_hal_fdcan.o
                0x080042a2                HAL_FDCAN_TxBufferCompleteCallback
 .text.HAL_FDCAN_TxBufferAbortCallback
                0x080042b4       0x12 ./Drivers/STM32G0xx_HAL_Driver/Src/stm32g0xx_hal_fdcan.o
                0x080042b4                HAL_FDCAN_TxBufferAbortCallback
 .text.HAL_FDCAN_TimestampWraparoundCallback
                0x080042c6       0x10 ./Drivers/STM32G0xx_HAL_Driver/Src/stm32g0xx_hal_fdcan.o
                0x080042c6                HAL_FDCAN_TimestampWraparoundCallback
 .text.HAL_FDCAN_TimeoutOccurredCallback
                0x080042d6       0x10 ./Drivers/STM32G0xx_HAL_Driver/Src/stm32g0xx_hal_fdcan.o
                0x080042d6                HAL_FDCAN_TimeoutOccurredCallback
 .text.HAL_FDCAN_HighPriorityMessageCallback
                0x080042e6       0x10 ./Drivers/STM32G0xx_HAL_Driver/Src/stm32g0xx_hal_fdcan.o
                0x080042e6                HAL_FDCAN_HighPriorityMessageCallback
 .text.HAL_FDCAN_ErrorCallback
                0x080042f6       0x10 ./Drivers/STM32G0xx_HAL_Driver/Src/stm32g0xx_hal_fdcan.o
                0x080042f6                HAL_FDCAN_ErrorCallback
 .text.HAL_FDCAN_ErrorStatusCallback
                0x08004306       0x12 ./Drivers/STM32G0xx_HAL_Driver/Src/stm32g0xx_hal_fdcan.o
                0x08004306                HAL_FDCAN_ErrorStatusCallback
 .text.FDCAN_CalcultateRamBlockAddresses
                0x08004318       0xd8 ./Drivers/STM32G0xx_HAL_Driver/Src/stm32g0xx_hal_fdcan.o
 .text.FDCAN_CopyMessageToRAM
                0x080043f0       0xf8 ./Drivers/STM32G0xx_HAL_Driver/Src/stm32g0xx_hal_fdcan.o
 .text.HAL_GPIO_Init
                0x080044e8      0x2d8 ./Drivers/STM32G0xx_HAL_Driver/Src/stm32g0xx_hal_gpio.o
                0x080044e8                HAL_GPIO_Init
 .text.HAL_GPIO_ReadPin
                0x080047c0       0x3a ./Drivers/STM32G0xx_HAL_Driver/Src/stm32g0xx_hal_gpio.o
                0x080047c0                HAL_GPIO_ReadPin
 .text.HAL_GPIO_WritePin
                0x080047fa       0x3a ./Drivers/STM32G0xx_HAL_Driver/Src/stm32g0xx_hal_gpio.o
                0x080047fa                HAL_GPIO_WritePin
 .text.HAL_GPIO_TogglePin
                0x08004834       0x36 ./Drivers/STM32G0xx_HAL_Driver/Src/stm32g0xx_hal_gpio.o
                0x08004834                HAL_GPIO_TogglePin
 *fill*         0x0800486a        0x2 
 .text.HAL_IWDG_Init
                0x0800486c       0xa4 ./Drivers/STM32G0xx_HAL_Driver/Src/stm32g0xx_hal_iwdg.o
                0x0800486c                HAL_IWDG_Init
 .text.HAL_IWDG_Refresh
                0x08004910       0x20 ./Drivers/STM32G0xx_HAL_Driver/Src/stm32g0xx_hal_iwdg.o
                0x08004910                HAL_IWDG_Refresh
 .text.HAL_PWREx_ControlVoltageScaling
                0x08004930       0x80 ./Drivers/STM32G0xx_HAL_Driver/Src/stm32g0xx_hal_pwr_ex.o
                0x08004930                HAL_PWREx_ControlVoltageScaling
 .text.LL_RCC_GetAPB1Prescaler
                0x080049b0       0x18 ./Drivers/STM32G0xx_HAL_Driver/Src/stm32g0xx_hal_rcc.o
 .text.HAL_RCC_OscConfig
                0x080049c8      0x6c0 ./Drivers/STM32G0xx_HAL_Driver/Src/stm32g0xx_hal_rcc.o
                0x080049c8                HAL_RCC_OscConfig
 .text.HAL_RCC_ClockConfig
                0x08005088      0x210 ./Drivers/STM32G0xx_HAL_Driver/Src/stm32g0xx_hal_rcc.o
                0x08005088                HAL_RCC_ClockConfig
 .text.HAL_RCC_MCOConfig
                0x08005298       0xc8 ./Drivers/STM32G0xx_HAL_Driver/Src/stm32g0xx_hal_rcc.o
                0x08005298                HAL_RCC_MCOConfig
 .text.HAL_RCC_GetSysClockFreq
                0x08005360      0x104 ./Drivers/STM32G0xx_HAL_Driver/Src/stm32g0xx_hal_rcc.o
                0x08005360                HAL_RCC_GetSysClockFreq
 .text.HAL_RCC_GetHCLKFreq
                0x08005464       0x14 ./Drivers/STM32G0xx_HAL_Driver/Src/stm32g0xx_hal_rcc.o
                0x08005464                HAL_RCC_GetHCLKFreq
 .text.HAL_RCC_GetPCLK1Freq
                0x08005478       0x2c ./Drivers/STM32G0xx_HAL_Driver/Src/stm32g0xx_hal_rcc.o
                0x08005478                HAL_RCC_GetPCLK1Freq
 .text.HAL_RCCEx_PeriphCLKConfig
                0x080054a4      0x478 ./Drivers/STM32G0xx_HAL_Driver/Src/stm32g0xx_hal_rcc_ex.o
                0x080054a4                HAL_RCCEx_PeriphCLKConfig
 .text.HAL_RTC_Init
                0x0800591c      0x144 ./Drivers/STM32G0xx_HAL_Driver/Src/stm32g0xx_hal_rtc.o
                0x0800591c                HAL_RTC_Init
 .text.HAL_RTC_SetTime
                0x08005a60      0x150 ./Drivers/STM32G0xx_HAL_Driver/Src/stm32g0xx_hal_rtc.o
                0x08005a60                HAL_RTC_SetTime
 .text.HAL_RTC_SetDate
                0x08005bb0      0x124 ./Drivers/STM32G0xx_HAL_Driver/Src/stm32g0xx_hal_rtc.o
                0x08005bb0                HAL_RTC_SetDate
 .text.HAL_RTC_WaitForSynchro
                0x08005cd4       0x4c ./Drivers/STM32G0xx_HAL_Driver/Src/stm32g0xx_hal_rtc.o
                0x08005cd4                HAL_RTC_WaitForSynchro
 .text.RTC_EnterInitMode
                0x08005d20       0x84 ./Drivers/STM32G0xx_HAL_Driver/Src/stm32g0xx_hal_rtc.o
                0x08005d20                RTC_EnterInitMode
 .text.RTC_ExitInitMode
                0x08005da4       0x88 ./Drivers/STM32G0xx_HAL_Driver/Src/stm32g0xx_hal_rtc.o
                0x08005da4                RTC_ExitInitMode
 .text.RTC_ByteToBcd2
                0x08005e2c       0x50 ./Drivers/STM32G0xx_HAL_Driver/Src/stm32g0xx_hal_rtc.o
                0x08005e2c                RTC_ByteToBcd2
 .text.HAL_TIM_Base_Init
                0x08005e7c       0xb0 ./Drivers/STM32G0xx_HAL_Driver/Src/stm32g0xx_hal_tim.o
                0x08005e7c                HAL_TIM_Base_Init
 .text.HAL_TIM_Base_Start
                0x08005f2c       0xb4 ./Drivers/STM32G0xx_HAL_Driver/Src/stm32g0xx_hal_tim.o
                0x08005f2c                HAL_TIM_Base_Start
 .text.HAL_TIM_Base_Stop
                0x08005fe0       0x4c ./Drivers/STM32G0xx_HAL_Driver/Src/stm32g0xx_hal_tim.o
                0x08005fe0                HAL_TIM_Base_Stop
 .text.HAL_TIM_Base_Start_IT
                0x0800602c       0xc4 ./Drivers/STM32G0xx_HAL_Driver/Src/stm32g0xx_hal_tim.o
                0x0800602c                HAL_TIM_Base_Start_IT
 .text.HAL_TIM_IRQHandler
                0x080060f0      0x210 ./Drivers/STM32G0xx_HAL_Driver/Src/stm32g0xx_hal_tim.o
                0x080060f0                HAL_TIM_IRQHandler
 .text.HAL_TIM_PeriodElapsedCallback
                0x08006300       0x10 ./Drivers/STM32G0xx_HAL_Driver/Src/stm32g0xx_hal_tim.o
                0x08006300                HAL_TIM_PeriodElapsedCallback
 .text.HAL_TIM_OC_DelayElapsedCallback
                0x08006310       0x10 ./Drivers/STM32G0xx_HAL_Driver/Src/stm32g0xx_hal_tim.o
                0x08006310                HAL_TIM_OC_DelayElapsedCallback
 .text.HAL_TIM_IC_CaptureCallback
                0x08006320       0x10 ./Drivers/STM32G0xx_HAL_Driver/Src/stm32g0xx_hal_tim.o
                0x08006320                HAL_TIM_IC_CaptureCallback
 .text.HAL_TIM_PWM_PulseFinishedCallback
                0x08006330       0x10 ./Drivers/STM32G0xx_HAL_Driver/Src/stm32g0xx_hal_tim.o
                0x08006330                HAL_TIM_PWM_PulseFinishedCallback
 .text.HAL_TIM_TriggerCallback
                0x08006340       0x10 ./Drivers/STM32G0xx_HAL_Driver/Src/stm32g0xx_hal_tim.o
                0x08006340                HAL_TIM_TriggerCallback
 .text.TIM_Base_SetConfig
                0x08006350      0x130 ./Drivers/STM32G0xx_HAL_Driver/Src/stm32g0xx_hal_tim.o
                0x08006350                TIM_Base_SetConfig
 .text.HAL_TIMEx_MasterConfigSynchronization
                0x08006480       0xec ./Drivers/STM32G0xx_HAL_Driver/Src/stm32g0xx_hal_tim_ex.o
                0x08006480                HAL_TIMEx_MasterConfigSynchronization
 .text.HAL_TIMEx_CommutCallback
                0x0800656c       0x10 ./Drivers/STM32G0xx_HAL_Driver/Src/stm32g0xx_hal_tim_ex.o
                0x0800656c                HAL_TIMEx_CommutCallback
 .text.HAL_TIMEx_BreakCallback
                0x0800657c       0x10 ./Drivers/STM32G0xx_HAL_Driver/Src/stm32g0xx_hal_tim_ex.o
                0x0800657c                HAL_TIMEx_BreakCallback
 .text.HAL_TIMEx_Break2Callback
                0x0800658c       0x10 ./Drivers/STM32G0xx_HAL_Driver/Src/stm32g0xx_hal_tim_ex.o
                0x0800658c                HAL_TIMEx_Break2Callback
 .text.HAL_UART_Init
                0x0800659c       0xac ./Drivers/STM32G0xx_HAL_Driver/Src/stm32g0xx_hal_uart.o
                0x0800659c                HAL_UART_Init
 .text.HAL_UART_Transmit
                0x08006648      0x148 ./Drivers/STM32G0xx_HAL_Driver/Src/stm32g0xx_hal_uart.o
                0x08006648                HAL_UART_Transmit
 .text.HAL_UART_Receive_IT
                0x08006790       0xcc ./Drivers/STM32G0xx_HAL_Driver/Src/stm32g0xx_hal_uart.o
                0x08006790                HAL_UART_Receive_IT
 .text.HAL_UART_IRQHandler
                0x0800685c      0x64c ./Drivers/STM32G0xx_HAL_Driver/Src/stm32g0xx_hal_uart.o
                0x0800685c                HAL_UART_IRQHandler
 .text.HAL_UART_TxCpltCallback
                0x08006ea8       0x10 ./Drivers/STM32G0xx_HAL_Driver/Src/stm32g0xx_hal_uart.o
                0x08006ea8                HAL_UART_TxCpltCallback
 .text.HAL_UART_ErrorCallback
                0x08006eb8       0x10 ./Drivers/STM32G0xx_HAL_Driver/Src/stm32g0xx_hal_uart.o
                0x08006eb8                HAL_UART_ErrorCallback
 .text.HAL_UARTEx_RxEventCallback
                0x08006ec8       0x16 ./Drivers/STM32G0xx_HAL_Driver/Src/stm32g0xx_hal_uart.o
                0x08006ec8                HAL_UARTEx_RxEventCallback
 *fill*         0x08006ede        0x2 
 .text.UART_SetConfig
                0x08006ee0      0x6ac ./Drivers/STM32G0xx_HAL_Driver/Src/stm32g0xx_hal_uart.o
                0x08006ee0                UART_SetConfig
 .text.UART_AdvFeatureConfig
                0x0800758c      0x168 ./Drivers/STM32G0xx_HAL_Driver/Src/stm32g0xx_hal_uart.o
                0x0800758c                UART_AdvFeatureConfig
 .text.UART_CheckIdleState
                0x080076f4      0x154 ./Drivers/STM32G0xx_HAL_Driver/Src/stm32g0xx_hal_uart.o
                0x080076f4                UART_CheckIdleState
 .text.UART_WaitOnFlagUntilTimeout
                0x08007848       0xde ./Drivers/STM32G0xx_HAL_Driver/Src/stm32g0xx_hal_uart.o
                0x08007848                UART_WaitOnFlagUntilTimeout
 *fill*         0x08007926        0x2 
 .text.UART_Start_Receive_IT
                0x08007928      0x248 ./Drivers/STM32G0xx_HAL_Driver/Src/stm32g0xx_hal_uart.o
                0x08007928                UART_Start_Receive_IT
 .text.UART_EndRxTransfer
                0x08007b70       0xcc ./Drivers/STM32G0xx_HAL_Driver/Src/stm32g0xx_hal_uart.o
 .text.UART_DMAAbortOnError
                0x08007c3c       0x2e ./Drivers/STM32G0xx_HAL_Driver/Src/stm32g0xx_hal_uart.o
 .text.UART_EndTransmit_IT
                0x08007c6a       0x58 ./Drivers/STM32G0xx_HAL_Driver/Src/stm32g0xx_hal_uart.o
 *fill*         0x08007cc2        0x2 
 .text.UART_RxISR_8BIT
                0x08007cc4      0x1d4 ./Drivers/STM32G0xx_HAL_Driver/Src/stm32g0xx_hal_uart.o
 .text.UART_RxISR_16BIT
                0x08007e98      0x1d4 ./Drivers/STM32G0xx_HAL_Driver/Src/stm32g0xx_hal_uart.o
 .text.UART_RxISR_8BIT_FIFOEN
                0x0800806c      0x34c ./Drivers/STM32G0xx_HAL_Driver/Src/stm32g0xx_hal_uart.o
 .text.UART_RxISR_16BIT_FIFOEN
                0x080083b8      0x364 ./Drivers/STM32G0xx_HAL_Driver/Src/stm32g0xx_hal_uart.o
 .text.HAL_UARTEx_WakeupCallback
                0x0800871c       0x10 ./Drivers/STM32G0xx_HAL_Driver/Src/stm32g0xx_hal_uart_ex.o
                0x0800871c                HAL_UARTEx_WakeupCallback
 .text.HAL_UARTEx_RxFifoFullCallback
                0x0800872c       0x10 ./Drivers/STM32G0xx_HAL_Driver/Src/stm32g0xx_hal_uart_ex.o
                0x0800872c                HAL_UARTEx_RxFifoFullCallback
 .text.HAL_UARTEx_TxFifoEmptyCallback
                0x0800873c       0x10 ./Drivers/STM32G0xx_HAL_Driver/Src/stm32g0xx_hal_uart_ex.o
                0x0800873c                HAL_UARTEx_TxFifoEmptyCallback
 .text.HAL_UARTEx_DisableFifoMode
                0x0800874c       0x74 ./Drivers/STM32G0xx_HAL_Driver/Src/stm32g0xx_hal_uart_ex.o
                0x0800874c                HAL_UARTEx_DisableFifoMode
 .text.HAL_UARTEx_SetTxFifoThreshold
                0x080087c0       0x7e ./Drivers/STM32G0xx_HAL_Driver/Src/stm32g0xx_hal_uart_ex.o
                0x080087c0                HAL_UARTEx_SetTxFifoThreshold
 *fill*         0x0800883e        0x2 
 .text.HAL_UARTEx_SetRxFifoThreshold
                0x08008840       0x84 ./Drivers/STM32G0xx_HAL_Driver/Src/stm32g0xx_hal_uart_ex.o
                0x08008840                HAL_UARTEx_SetRxFifoThreshold
 .text.UARTEx_SetNbDataToProcess
                0x080088c4       0xbc ./Drivers/STM32G0xx_HAL_Driver/Src/stm32g0xx_hal_uart_ex.o
 .text.atoi     0x08008980        0xc C:/ST/STM32CubeIDE_1.16.0/STM32CubeIDE/plugins/com.st.stm32cube.ide.mcu.externaltools.gnu-tools-for-stm32.12.3.rel1.win32_1.0.200.202406191623/tools/bin/../lib/gcc/arm-none-eabi/12.3.1/../../../../arm-none-eabi/lib/thumb/v6-m/nofp\libc_nano.a(libc_a-atoi.o)
                0x08008980                atoi
 .text._strtol_l.constprop.0
                0x0800898c      0x114 C:/ST/STM32CubeIDE_1.16.0/STM32CubeIDE/plugins/com.st.stm32cube.ide.mcu.externaltools.gnu-tools-for-stm32.12.3.rel1.win32_1.0.200.202406191623/tools/bin/../lib/gcc/arm-none-eabi/12.3.1/../../../../arm-none-eabi/lib/thumb/v6-m/nofp\libc_nano.a(libc_a-strtol.o)
 .text.strtol   0x08008aa0       0x18 C:/ST/STM32CubeIDE_1.16.0/STM32CubeIDE/plugins/com.st.stm32cube.ide.mcu.externaltools.gnu-tools-for-stm32.12.3.rel1.win32_1.0.200.202406191623/tools/bin/../lib/gcc/arm-none-eabi/12.3.1/../../../../arm-none-eabi/lib/thumb/v6-m/nofp\libc_nano.a(libc_a-strtol.o)
                0x08008aa0                strtol
 .text.__utoa   0x08008ab8       0x68 C:/ST/STM32CubeIDE_1.16.0/STM32CubeIDE/plugins/com.st.stm32cube.ide.mcu.externaltools.gnu-tools-for-stm32.12.3.rel1.win32_1.0.200.202406191623/tools/bin/../lib/gcc/arm-none-eabi/12.3.1/../../../../arm-none-eabi/lib/thumb/v6-m/nofp\libc_nano.a(libc_a-utoa.o)
                0x08008ab8                __utoa
 .text.utoa     0x08008b20        0x8 C:/ST/STM32CubeIDE_1.16.0/STM32CubeIDE/plugins/com.st.stm32cube.ide.mcu.externaltools.gnu-tools-for-stm32.12.3.rel1.win32_1.0.200.202406191623/tools/bin/../lib/gcc/arm-none-eabi/12.3.1/../../../../arm-none-eabi/lib/thumb/v6-m/nofp\libc_nano.a(libc_a-utoa.o)
                0x08008b20                utoa
 .text.memset   0x08008b28       0x10 C:/ST/STM32CubeIDE_1.16.0/STM32CubeIDE/plugins/com.st.stm32cube.ide.mcu.externaltools.gnu-tools-for-stm32.12.3.rel1.win32_1.0.200.202406191623/tools/bin/../lib/gcc/arm-none-eabi/12.3.1/../../../../arm-none-eabi/lib/thumb/v6-m/nofp\libc_nano.a(libc_a-memset.o)
                0x08008b28                memset
 .text.strncpy  0x08008b38       0x28 C:/ST/STM32CubeIDE_1.16.0/STM32CubeIDE/plugins/com.st.stm32cube.ide.mcu.externaltools.gnu-tools-for-stm32.12.3.rel1.win32_1.0.200.202406191623/tools/bin/../lib/gcc/arm-none-eabi/12.3.1/../../../../arm-none-eabi/lib/thumb/v6-m/nofp\libc_nano.a(libc_a-strncpy.o)
                0x08008b38                strncpy
 .text.__errno  0x08008b60        0xc C:/ST/STM32CubeIDE_1.16.0/STM32CubeIDE/plugins/com.st.stm32cube.ide.mcu.externaltools.gnu-tools-for-stm32.12.3.rel1.win32_1.0.200.202406191623/tools/bin/../lib/gcc/arm-none-eabi/12.3.1/../../../../arm-none-eabi/lib/thumb/v6-m/nofp\libc_nano.a(libc_a-errno.o)
                0x08008b60                __errno
 .text.__libc_init_array
                0x08008b6c       0x48 C:/ST/STM32CubeIDE_1.16.0/STM32CubeIDE/plugins/com.st.stm32cube.ide.mcu.externaltools.gnu-tools-for-stm32.12.3.rel1.win32_1.0.200.202406191623/tools/bin/../lib/gcc/arm-none-eabi/12.3.1/../../../../arm-none-eabi/lib/thumb/v6-m/nofp\libc_nano.a(libc_a-init.o)
                0x08008b6c                __libc_init_array
 .text.memcpy   0x08008bb4       0x12 C:/ST/STM32CubeIDE_1.16.0/STM32CubeIDE/plugins/com.st.stm32cube.ide.mcu.externaltools.gnu-tools-for-stm32.12.3.rel1.win32_1.0.200.202406191623/tools/bin/../lib/gcc/arm-none-eabi/12.3.1/../../../../arm-none-eabi/lib/thumb/v6-m/nofp\libc_nano.a(libc_a-memcpy-stub.o)
                0x08008bb4                memcpy
 *(.glue_7)
 .glue_7        0x08008bc6        0x0 linker stubs
 *(.glue_7t)
 .glue_7t       0x08008bc6        0x0 linker stubs
 *(.eh_frame)
 *fill*         0x08008bc6        0x2 
 .eh_frame      0x08008bc8        0x0 C:/ST/STM32CubeIDE_1.16.0/STM32CubeIDE/plugins/com.st.stm32cube.ide.mcu.externaltools.gnu-tools-for-stm32.12.3.rel1.win32_1.0.200.202406191623/tools/bin/../lib/gcc/arm-none-eabi/12.3.1/thumb/v6-m/nofp/crtbegin.o
 *(.init)
 .init          0x08008bc8        0x4 C:/ST/STM32CubeIDE_1.16.0/STM32CubeIDE/plugins/com.st.stm32cube.ide.mcu.externaltools.gnu-tools-for-stm32.12.3.rel1.win32_1.0.200.202406191623/tools/bin/../lib/gcc/arm-none-eabi/12.3.1/thumb/v6-m/nofp/crti.o
                0x08008bc8                _init
 .init          0x08008bcc        0x8 C:/ST/STM32CubeIDE_1.16.0/STM32CubeIDE/plugins/com.st.stm32cube.ide.mcu.externaltools.gnu-tools-for-stm32.12.3.rel1.win32_1.0.200.202406191623/tools/bin/../lib/gcc/arm-none-eabi/12.3.1/thumb/v6-m/nofp/crtn.o
 *(.fini)
 .fini          0x08008bd4        0x4 C:/ST/STM32CubeIDE_1.16.0/STM32CubeIDE/plugins/com.st.stm32cube.ide.mcu.externaltools.gnu-tools-for-stm32.12.3.rel1.win32_1.0.200.202406191623/tools/bin/../lib/gcc/arm-none-eabi/12.3.1/thumb/v6-m/nofp/crti.o
                0x08008bd4                _fini
 .fini          0x08008bd8        0x8 C:/ST/STM32CubeIDE_1.16.0/STM32CubeIDE/plugins/com.st.stm32cube.ide.mcu.externaltools.gnu-tools-for-stm32.12.3.rel1.win32_1.0.200.202406191623/tools/bin/../lib/gcc/arm-none-eabi/12.3.1/thumb/v6-m/nofp/crtn.o
                0x08008be0                        . = ALIGN (0x4)
                0x08008be0                        _etext = .

.vfp11_veneer   0x08008be0        0x0
 .vfp11_veneer  0x08008be0        0x0 linker stubs

.v4_bx          0x08008be0        0x0
 .v4_bx         0x08008be0        0x0 linker stubs

.iplt           0x08008be0        0x0
 .iplt          0x08008be0        0x0 C:/ST/STM32CubeIDE_1.16.0/STM32CubeIDE/plugins/com.st.stm32cube.ide.mcu.externaltools.gnu-tools-for-stm32.12.3.rel1.win32_1.0.200.202406191623/tools/bin/../lib/gcc/arm-none-eabi/12.3.1/thumb/v6-m/nofp/crtbegin.o

.rodata         0x08008be0      0x720
                0x08008be0                        . = ALIGN (0x4)
 *(.rodata)
 .rodata        0x08008be0       0x62 ./Core/Src/Application/CC_APP.o
 *fill*         0x08008c42        0x2 
 .rodata        0x08008c44      0x293 ./Core/Src/Application/CC_SM.o
 *fill*         0x08008ed7        0x1 
 .rodata        0x08008ed8       0x7c C:/ST/STM32CubeIDE_1.16.0/STM32CubeIDE/plugins/com.st.stm32cube.ide.mcu.externaltools.gnu-tools-for-stm32.12.3.rel1.win32_1.0.200.202406191623/tools/bin/../lib/gcc/arm-none-eabi/12.3.1/thumb/v6-m/nofp\libgcc.a(divsf3.o)
 *(.rodata*)
 .rodata.CC_LEDPWM_TotalStrips
                0x08008f54        0x1 ./Core/Src/Application/CC_LEDPWM.o
                0x08008f54                CC_LEDPWM_TotalStrips
 *fill*         0x08008f55        0x3 
 .rodata.CC_SM_UsartSM
                0x08008f58       0xf4 ./Core/Src/Application/CC_SM.o
 .rodata.pCC_ML_SERIAL_DEBUG_RxData
                0x0800904c        0x4 ./Core/Src/MiddleLayer/CC_ML.o
                0x0800904c                pCC_ML_SERIAL_DEBUG_RxData
 .rodata.CC_ML_LedsStripsFunctions
                0x08009050       0xf0 ./Core/Src/MiddleLayer/CC_ML.o
                0x08009050                CC_ML_LedsStripsFunctions
 .rodata.AHBPrescTable
                0x08009140       0x40 ./Core/Src/system_stm32g0xx.o
                0x08009140                AHBPrescTable
 .rodata.APBPrescTable
                0x08009180       0x20 ./Core/Src/system_stm32g0xx.o
                0x08009180                APBPrescTable
 .rodata.DLCtoBytes
                0x080091a0       0x10 ./Drivers/STM32G0xx_HAL_Driver/Src/stm32g0xx_hal_fdcan.o
 .rodata.UARTPrescTable
                0x080091b0       0x18 ./Drivers/STM32G0xx_HAL_Driver/Src/stm32g0xx_hal_uart.o
                0x080091b0                UARTPrescTable
 .rodata.numerator.1
                0x080091c8        0x8 ./Drivers/STM32G0xx_HAL_Driver/Src/stm32g0xx_hal_uart_ex.o
 .rodata.denominator.0
                0x080091d0        0x8 ./Drivers/STM32G0xx_HAL_Driver/Src/stm32g0xx_hal_uart_ex.o
 .rodata.__utoa.str1.1
                0x080091d8       0x25 C:/ST/STM32CubeIDE_1.16.0/STM32CubeIDE/plugins/com.st.stm32cube.ide.mcu.externaltools.gnu-tools-for-stm32.12.3.rel1.win32_1.0.200.202406191623/tools/bin/../lib/gcc/arm-none-eabi/12.3.1/../../../../arm-none-eabi/lib/thumb/v6-m/nofp\libc_nano.a(libc_a-utoa.o)
 .rodata._ctype_
                0x080091fd      0x101 C:/ST/STM32CubeIDE_1.16.0/STM32CubeIDE/plugins/com.st.stm32cube.ide.mcu.externaltools.gnu-tools-for-stm32.12.3.rel1.win32_1.0.200.202406191623/tools/bin/../lib/gcc/arm-none-eabi/12.3.1/../../../../arm-none-eabi/lib/thumb/v6-m/nofp\libc_nano.a(libc_a-ctype_.o)
                0x080091fd                _ctype_
                0x08009300                        . = ALIGN (0x4)
 *fill*         0x080092fe        0x2 

.ARM.extab      0x08009300        0x0
                0x08009300                        . = ALIGN (0x4)
 *(.ARM.extab* .gnu.linkonce.armextab.*)
                0x08009300                        . = ALIGN (0x4)

.ARM            0x08009300        0x8
                0x08009300                        . = ALIGN (0x4)
                0x08009300                        __exidx_start = .
 *(.ARM.exidx*)
 .ARM.exidx     0x08009300        0x8 C:/ST/STM32CubeIDE_1.16.0/STM32CubeIDE/plugins/com.st.stm32cube.ide.mcu.externaltools.gnu-tools-for-stm32.12.3.rel1.win32_1.0.200.202406191623/tools/bin/../lib/gcc/arm-none-eabi/12.3.1/thumb/v6-m/nofp\libgcc.a(_udivmoddi4.o)
                0x08009308                        __exidx_end = .
                0x08009308                        . = ALIGN (0x4)

.preinit_array  0x08009308        0x0
                0x08009308                        . = ALIGN (0x4)
                0x08009308                        PROVIDE (__preinit_array_start = .)
 *(.preinit_array*)
                0x08009308                        PROVIDE (__preinit_array_end = .)
                0x08009308                        . = ALIGN (0x4)

.init_array     0x08009308        0x4
                0x08009308                        . = ALIGN (0x4)
                0x08009308                        PROVIDE (__init_array_start = .)
 *(SORT_BY_NAME(.init_array.*))
 *(.init_array*)
 .init_array    0x08009308        0x4 C:/ST/STM32CubeIDE_1.16.0/STM32CubeIDE/plugins/com.st.stm32cube.ide.mcu.externaltools.gnu-tools-for-stm32.12.3.rel1.win32_1.0.200.202406191623/tools/bin/../lib/gcc/arm-none-eabi/12.3.1/thumb/v6-m/nofp/crtbegin.o
                0x0800930c                        PROVIDE (__init_array_end = .)
                0x0800930c                        . = ALIGN (0x4)

.fini_array     0x0800930c        0x4
                0x0800930c                        . = ALIGN (0x4)
                [!provide]                        PROVIDE (__fini_array_start = .)
 *(SORT_BY_NAME(.fini_array.*))
 *(.fini_array*)
 .fini_array    0x0800930c        0x4 C:/ST/STM32CubeIDE_1.16.0/STM32CubeIDE/plugins/com.st.stm32cube.ide.mcu.externaltools.gnu-tools-for-stm32.12.3.rel1.win32_1.0.200.202406191623/tools/bin/../lib/gcc/arm-none-eabi/12.3.1/thumb/v6-m/nofp/crtbegin.o
                [!provide]                        PROVIDE (__fini_array_end = .)
                0x08009310                        . = ALIGN (0x4)
                0x08009310                        _sidata = LOADADDR (.data)

.rel.dyn        0x08009310        0x0
 .rel.iplt      0x08009310        0x0 C:/ST/STM32CubeIDE_1.16.0/STM32CubeIDE/plugins/com.st.stm32cube.ide.mcu.externaltools.gnu-tools-for-stm32.12.3.rel1.win32_1.0.200.202406191623/tools/bin/../lib/gcc/arm-none-eabi/12.3.1/thumb/v6-m/nofp/crtbegin.o

.data           0x20000000       0x68 load address 0x08009310
                0x20000000                        . = ALIGN (0x4)
                0x20000000                        _sdata = .
 *(.data)
 *(.data*)
 .data.CC_APP_BlinkCnts
                0x20000000        0x1 ./Core/Src/Application/CC_APP.o
                0x20000000                CC_APP_BlinkCnts
 *fill*         0x20000001        0x3 
 .data.CC_CAN_RxAdress
                0x20000004        0x4 ./Core/Src/Drivers/CC_CAN.o
                0x20000004                CC_CAN_RxAdress
 .data.pCC_ML_CAN_TxHeader
                0x20000008        0x4 ./Core/Src/MiddleLayer/CC_ML.o
                0x20000008                pCC_ML_CAN_TxHeader
 .data.SystemCoreClock
                0x2000000c        0x4 ./Core/Src/system_stm32g0xx.o
                0x2000000c                SystemCoreClock
 .data.uwTickPrio
                0x20000010        0x4 ./Drivers/STM32G0xx_HAL_Driver/Src/stm32g0xx_hal.o
                0x20000010                uwTickPrio
 .data.uwTickFreq
                0x20000014        0x1 ./Drivers/STM32G0xx_HAL_Driver/Src/stm32g0xx_hal.o
                0x20000014                uwTickFreq
 *fill*         0x20000015        0x3 
 .data._impure_ptr
                0x20000018        0x4 C:/ST/STM32CubeIDE_1.16.0/STM32CubeIDE/plugins/com.st.stm32cube.ide.mcu.externaltools.gnu-tools-for-stm32.12.3.rel1.win32_1.0.200.202406191623/tools/bin/../lib/gcc/arm-none-eabi/12.3.1/../../../../arm-none-eabi/lib/thumb/v6-m/nofp\libc_nano.a(libc_a-impure.o)
                0x20000018                _impure_ptr
 .data._impure_data
                0x2000001c       0x4c C:/ST/STM32CubeIDE_1.16.0/STM32CubeIDE/plugins/com.st.stm32cube.ide.mcu.externaltools.gnu-tools-for-stm32.12.3.rel1.win32_1.0.200.202406191623/tools/bin/../lib/gcc/arm-none-eabi/12.3.1/../../../../arm-none-eabi/lib/thumb/v6-m/nofp\libc_nano.a(libc_a-impure.o)
                0x2000001c                _impure_data
 *(.RamFunc)
 *(.RamFunc*)
                0x20000068                        . = ALIGN (0x4)
                0x20000068                        _edata = .

.igot.plt       0x20000068        0x0 load address 0x08009378
 .igot.plt      0x20000068        0x0 C:/ST/STM32CubeIDE_1.16.0/STM32CubeIDE/plugins/com.st.stm32cube.ide.mcu.externaltools.gnu-tools-for-stm32.12.3.rel1.win32_1.0.200.202406191623/tools/bin/../lib/gcc/arm-none-eabi/12.3.1/thumb/v6-m/nofp/crtbegin.o
                0x20000068                        . = ALIGN (0x4)

.bss            0x20000068      0x6e0 load address 0x08009378
                0x20000068                        _sbss = .
                0x20000068                        __bss_start__ = _sbss
 *(.bss)
 .bss           0x20000068       0x1c C:/ST/STM32CubeIDE_1.16.0/STM32CubeIDE/plugins/com.st.stm32cube.ide.mcu.externaltools.gnu-tools-for-stm32.12.3.rel1.win32_1.0.200.202406191623/tools/bin/../lib/gcc/arm-none-eabi/12.3.1/thumb/v6-m/nofp/crtbegin.o
 *(.bss*)
 .bss.CC_APP_BoardData
                0x20000084       0x5c ./Core/Src/Application/CC_APP.o
                0x20000084                CC_APP_BoardData
 .bss.counts.0  0x200000e0        0x1 ./Core/Src/Application/CC_APP.o
 *fill*         0x200000e1        0x3 
 .bss.CC_LEDPWM_Strip
                0x200000e4       0xa8 ./Core/Src/Application/CC_LEDPWM.o
                0x200000e4                CC_LEDPWM_Strip
 *fill*         0x2000018c        0x4 
 .bss.CC_SCHDLR_MainScheduler
                0x20000190       0xc0 ./Core/Src/Application/CC_SCHDLR.o
                0x20000190                CC_SCHDLR_MainScheduler
 .bss.CC_SCHDLR_NestedScheduler
                0x20000250       0xc0 ./Core/Src/Application/CC_SCHDLR.o
                0x20000250                CC_SCHDLR_NestedScheduler
 .bss.CC_SCHDLR_MainSchedulerUsage
                0x20000310       0x78 ./Core/Src/Application/CC_SCHDLR.o
                0x20000310                CC_SCHDLR_MainSchedulerUsage
 .bss.UsartSM_state.2
                0x20000388        0x1 ./Core/Src/Application/CC_SM.o
 .bss.char_number.1
                0x20000389        0x1 ./Core/Src/Application/CC_SM.o
 *fill*         0x2000038a        0x2 
 .bss.input_string.0
                0x2000038c        0x3 ./Core/Src/Application/CC_SM.o
 *fill*         0x2000038f        0x1 
 .bss.CC_CAN_RxData
                0x20000390        0x8 ./Core/Src/Drivers/CC_CAN.o
                0x20000390                CC_CAN_RxData
 .bss.CC_CAN_TxData
                0x20000398        0x8 ./Core/Src/Drivers/CC_CAN.o
                0x20000398                CC_CAN_TxData
 .bss.CC_CAN_TxHeader
                0x200003a0       0x24 ./Core/Src/Drivers/CC_CAN.o
                0x200003a0                CC_CAN_TxHeader
 .bss.CC_CAN_RxHeader
                0x200003c4       0x28 ./Core/Src/Drivers/CC_CAN.o
                0x200003c4                CC_CAN_RxHeader
 .bss.CC_DIPSW_DipSwitch
                0x200003ec        0x1 ./Core/Src/Drivers/CC_DIPSW.o
                0x200003ec                CC_DIPSW_DipSwitch
 *fill*         0x200003ed        0x3 
 .bss.CC_SERIAL_RxData
                0x200003f0        0x1 ./Core/Src/Drivers/CC_SERIAL.o
                0x200003f0                CC_SERIAL_RxData
 *fill*         0x200003f1        0x3 
 .bss.hfdcan2   0x200003f4       0x64 ./Core/Src/main.o
                0x200003f4                hfdcan2
 .bss.hiwdg     0x20000458       0x10 ./Core/Src/main.o
                0x20000458                hiwdg
 .bss.hrtc      0x20000468       0x2c ./Core/Src/main.o
                0x20000468                hrtc
 .bss.htim6     0x20000494       0x4c ./Core/Src/main.o
                0x20000494                htim6
 .bss.htim7     0x200004e0       0x4c ./Core/Src/main.o
                0x200004e0                htim7
 .bss.htim14    0x2000052c       0x4c ./Core/Src/main.o
                0x2000052c                htim14
 .bss.huart1    0x20000578       0x94 ./Core/Src/main.o
                0x20000578                huart1
 .bss.uwTick    0x2000060c        0x4 ./Drivers/STM32G0xx_HAL_Driver/Src/stm32g0xx_hal.o
                0x2000060c                uwTick
 .bss.__sf      0x20000610      0x138 C:/ST/STM32CubeIDE_1.16.0/STM32CubeIDE/plugins/com.st.stm32cube.ide.mcu.externaltools.gnu-tools-for-stm32.12.3.rel1.win32_1.0.200.202406191623/tools/bin/../lib/gcc/arm-none-eabi/12.3.1/../../../../arm-none-eabi/lib/thumb/v6-m/nofp\libc_nano.a(libc_a-findfp.o)
                0x20000610                __sf
 *(COMMON)
                0x20000748                        . = ALIGN (0x4)
                0x20000748                        _ebss = .
                0x20000748                        __bss_end__ = _ebss

._user_heap_stack
                0x20000748      0x600 load address 0x08009378
                0x20000748                        . = ALIGN (0x8)
                [!provide]                        PROVIDE (end = .)
                0x20000748                        PROVIDE (_end = .)
                0x20000948                        . = (. + _Min_Heap_Size)
 *fill*         0x20000748      0x200 
                0x20000d48                        . = (. + _Min_Stack_Size)
 *fill*         0x20000948      0x400 
                0x20000d48                        . = ALIGN (0x8)

/DISCARD/
 libc.a(*)
 libm.a(*)
 libgcc.a(*)

.ARM.attributes
                0x00000000       0x28
 *(.ARM.attributes)
 .ARM.attributes
                0x00000000       0x1e C:/ST/STM32CubeIDE_1.16.0/STM32CubeIDE/plugins/com.st.stm32cube.ide.mcu.externaltools.gnu-tools-for-stm32.12.3.rel1.win32_1.0.200.202406191623/tools/bin/../lib/gcc/arm-none-eabi/12.3.1/thumb/v6-m/nofp/crti.o
 .ARM.attributes
                0x0000001e       0x2c C:/ST/STM32CubeIDE_1.16.0/STM32CubeIDE/plugins/com.st.stm32cube.ide.mcu.externaltools.gnu-tools-for-stm32.12.3.rel1.win32_1.0.200.202406191623/tools/bin/../lib/gcc/arm-none-eabi/12.3.1/thumb/v6-m/nofp/crtbegin.o
 .ARM.attributes
                0x0000004a       0x2c ./Core/Src/Application/CC_APP.o
 .ARM.attributes
                0x00000076       0x2c ./Core/Src/Application/CC_LEDPWM.o
 .ARM.attributes
                0x000000a2       0x2c ./Core/Src/Application/CC_SCHDLR.o
 .ARM.attributes
                0x000000ce       0x2c ./Core/Src/Application/CC_SM.o
 .ARM.attributes
                0x000000fa       0x2c ./Core/Src/Drivers/CC_BOARDLED.o
 .ARM.attributes
                0x00000126       0x2c ./Core/Src/Drivers/CC_CAN.o
 .ARM.attributes
                0x00000152       0x2c ./Core/Src/Drivers/CC_DIPSW.o
 .ARM.attributes
                0x0000017e       0x2c ./Core/Src/Drivers/CC_LED.o
 .ARM.attributes
                0x000001aa       0x2c ./Core/Src/Drivers/CC_RTC.o
 .ARM.attributes
                0x000001d6       0x2c ./Core/Src/Drivers/CC_SERIAL.o
 .ARM.attributes
                0x00000202       0x2c ./Core/Src/Drivers/CC_TMR.o
 .ARM.attributes
                0x0000022e       0x2c ./Core/Src/Drivers/CC_WATCHDOG.o
 .ARM.attributes
                0x0000025a       0x2c ./Core/Src/MiddleLayer/CC_ML.o
 .ARM.attributes
                0x00000286       0x2c ./Core/Src/main.o
 .ARM.attributes
                0x000002b2       0x2c ./Core/Src/stm32g0xx_hal_msp.o
 .ARM.attributes
                0x000002de       0x2c ./Core/Src/stm32g0xx_it.o
 .ARM.attributes
                0x0000030a       0x2c ./Core/Src/system_stm32g0xx.o
 .ARM.attributes
                0x00000336       0x22 ./Core/Startup/startup_stm32g0b1cbtx.o
 .ARM.attributes
                0x00000358       0x2c ./Drivers/STM32G0xx_HAL_Driver/Src/stm32g0xx_hal.o
 .ARM.attributes
                0x00000384       0x2c ./Drivers/STM32G0xx_HAL_Driver/Src/stm32g0xx_hal_cortex.o
 .ARM.attributes
                0x000003b0       0x2c ./Drivers/STM32G0xx_HAL_Driver/Src/stm32g0xx_hal_dma.o
 .ARM.attributes
                0x000003dc       0x2c ./Drivers/STM32G0xx_HAL_Driver/Src/stm32g0xx_hal_fdcan.o
 .ARM.attributes
                0x00000408       0x2c ./Drivers/STM32G0xx_HAL_Driver/Src/stm32g0xx_hal_gpio.o
 .ARM.attributes
                0x00000434       0x2c ./Drivers/STM32G0xx_HAL_Driver/Src/stm32g0xx_hal_iwdg.o
 .ARM.attributes
                0x00000460       0x2c ./Drivers/STM32G0xx_HAL_Driver/Src/stm32g0xx_hal_pwr_ex.o
 .ARM.attributes
                0x0000048c       0x2c ./Drivers/STM32G0xx_HAL_Driver/Src/stm32g0xx_hal_rcc.o
 .ARM.attributes
                0x000004b8       0x2c ./Drivers/STM32G0xx_HAL_Driver/Src/stm32g0xx_hal_rcc_ex.o
 .ARM.attributes
                0x000004e4       0x2c ./Drivers/STM32G0xx_HAL_Driver/Src/stm32g0xx_hal_rtc.o
 .ARM.attributes
                0x00000510       0x2c ./Drivers/STM32G0xx_HAL_Driver/Src/stm32g0xx_hal_tim.o
 .ARM.attributes
                0x0000053c       0x2c ./Drivers/STM32G0xx_HAL_Driver/Src/stm32g0xx_hal_tim_ex.o
 .ARM.attributes
                0x00000568       0x2c ./Drivers/STM32G0xx_HAL_Driver/Src/stm32g0xx_hal_uart.o
 .ARM.attributes
                0x00000594       0x2c ./Drivers/STM32G0xx_HAL_Driver/Src/stm32g0xx_hal_uart_ex.o
 .ARM.attributes
                0x000005c0       0x2c C:/ST/STM32CubeIDE_1.16.0/STM32CubeIDE/plugins/com.st.stm32cube.ide.mcu.externaltools.gnu-tools-for-stm32.12.3.rel1.win32_1.0.200.202406191623/tools/bin/../lib/gcc/arm-none-eabi/12.3.1/../../../../arm-none-eabi/lib/thumb/v6-m/nofp\libc_nano.a(libc_a-atoi.o)
 .ARM.attributes
                0x000005ec       0x2c C:/ST/STM32CubeIDE_1.16.0/STM32CubeIDE/plugins/com.st.stm32cube.ide.mcu.externaltools.gnu-tools-for-stm32.12.3.rel1.win32_1.0.200.202406191623/tools/bin/../lib/gcc/arm-none-eabi/12.3.1/../../../../arm-none-eabi/lib/thumb/v6-m/nofp\libc_nano.a(libc_a-strtol.o)
 .ARM.attributes
                0x00000618       0x2c C:/ST/STM32CubeIDE_1.16.0/STM32CubeIDE/plugins/com.st.stm32cube.ide.mcu.externaltools.gnu-tools-for-stm32.12.3.rel1.win32_1.0.200.202406191623/tools/bin/../lib/gcc/arm-none-eabi/12.3.1/../../../../arm-none-eabi/lib/thumb/v6-m/nofp\libc_nano.a(libc_a-utoa.o)
 .ARM.attributes
                0x00000644       0x2c C:/ST/STM32CubeIDE_1.16.0/STM32CubeIDE/plugins/com.st.stm32cube.ide.mcu.externaltools.gnu-tools-for-stm32.12.3.rel1.win32_1.0.200.202406191623/tools/bin/../lib/gcc/arm-none-eabi/12.3.1/../../../../arm-none-eabi/lib/thumb/v6-m/nofp\libc_nano.a(libc_a-ctype_.o)
 .ARM.attributes
                0x00000670       0x2c C:/ST/STM32CubeIDE_1.16.0/STM32CubeIDE/plugins/com.st.stm32cube.ide.mcu.externaltools.gnu-tools-for-stm32.12.3.rel1.win32_1.0.200.202406191623/tools/bin/../lib/gcc/arm-none-eabi/12.3.1/../../../../arm-none-eabi/lib/thumb/v6-m/nofp\libc_nano.a(libc_a-findfp.o)
 .ARM.attributes
                0x0000069c       0x2c C:/ST/STM32CubeIDE_1.16.0/STM32CubeIDE/plugins/com.st.stm32cube.ide.mcu.externaltools.gnu-tools-for-stm32.12.3.rel1.win32_1.0.200.202406191623/tools/bin/../lib/gcc/arm-none-eabi/12.3.1/../../../../arm-none-eabi/lib/thumb/v6-m/nofp\libc_nano.a(libc_a-memset.o)
 .ARM.attributes
                0x000006c8       0x2c C:/ST/STM32CubeIDE_1.16.0/STM32CubeIDE/plugins/com.st.stm32cube.ide.mcu.externaltools.gnu-tools-for-stm32.12.3.rel1.win32_1.0.200.202406191623/tools/bin/../lib/gcc/arm-none-eabi/12.3.1/../../../../arm-none-eabi/lib/thumb/v6-m/nofp\libc_nano.a(libc_a-strncpy.o)
 .ARM.attributes
                0x000006f4       0x2c C:/ST/STM32CubeIDE_1.16.0/STM32CubeIDE/plugins/com.st.stm32cube.ide.mcu.externaltools.gnu-tools-for-stm32.12.3.rel1.win32_1.0.200.202406191623/tools/bin/../lib/gcc/arm-none-eabi/12.3.1/../../../../arm-none-eabi/lib/thumb/v6-m/nofp\libc_nano.a(libc_a-impure.o)
 .ARM.attributes
                0x00000720       0x2c C:/ST/STM32CubeIDE_1.16.0/STM32CubeIDE/plugins/com.st.stm32cube.ide.mcu.externaltools.gnu-tools-for-stm32.12.3.rel1.win32_1.0.200.202406191623/tools/bin/../lib/gcc/arm-none-eabi/12.3.1/../../../../arm-none-eabi/lib/thumb/v6-m/nofp\libc_nano.a(libc_a-errno.o)
 .ARM.attributes
                0x0000074c       0x2c C:/ST/STM32CubeIDE_1.16.0/STM32CubeIDE/plugins/com.st.stm32cube.ide.mcu.externaltools.gnu-tools-for-stm32.12.3.rel1.win32_1.0.200.202406191623/tools/bin/../lib/gcc/arm-none-eabi/12.3.1/../../../../arm-none-eabi/lib/thumb/v6-m/nofp\libc_nano.a(libc_a-init.o)
 .ARM.attributes
                0x00000778       0x2c C:/ST/STM32CubeIDE_1.16.0/STM32CubeIDE/plugins/com.st.stm32cube.ide.mcu.externaltools.gnu-tools-for-stm32.12.3.rel1.win32_1.0.200.202406191623/tools/bin/../lib/gcc/arm-none-eabi/12.3.1/../../../../arm-none-eabi/lib/thumb/v6-m/nofp\libc_nano.a(libc_a-memcpy-stub.o)
 .ARM.attributes
                0x000007a4       0x1c C:/ST/STM32CubeIDE_1.16.0/STM32CubeIDE/plugins/com.st.stm32cube.ide.mcu.externaltools.gnu-tools-for-stm32.12.3.rel1.win32_1.0.200.202406191623/tools/bin/../lib/gcc/arm-none-eabi/12.3.1/../../../../arm-none-eabi/lib/thumb/v6-m/nofp\libc_nano.a(libc_a-strlen.o)
 .ARM.attributes
                0x000007c0       0x1e C:/ST/STM32CubeIDE_1.16.0/STM32CubeIDE/plugins/com.st.stm32cube.ide.mcu.externaltools.gnu-tools-for-stm32.12.3.rel1.win32_1.0.200.202406191623/tools/bin/../lib/gcc/arm-none-eabi/12.3.1/thumb/v6-m/nofp\libgcc.a(_udivsi3.o)
 .ARM.attributes
                0x000007de       0x1e C:/ST/STM32CubeIDE_1.16.0/STM32CubeIDE/plugins/com.st.stm32cube.ide.mcu.externaltools.gnu-tools-for-stm32.12.3.rel1.win32_1.0.200.202406191623/tools/bin/../lib/gcc/arm-none-eabi/12.3.1/thumb/v6-m/nofp\libgcc.a(_divsi3.o)
 .ARM.attributes
                0x000007fc       0x1e C:/ST/STM32CubeIDE_1.16.0/STM32CubeIDE/plugins/com.st.stm32cube.ide.mcu.externaltools.gnu-tools-for-stm32.12.3.rel1.win32_1.0.200.202406191623/tools/bin/../lib/gcc/arm-none-eabi/12.3.1/thumb/v6-m/nofp\libgcc.a(_dvmd_tls.o)
 .ARM.attributes
                0x0000081a       0x1e C:/ST/STM32CubeIDE_1.16.0/STM32CubeIDE/plugins/com.st.stm32cube.ide.mcu.externaltools.gnu-tools-for-stm32.12.3.rel1.win32_1.0.200.202406191623/tools/bin/../lib/gcc/arm-none-eabi/12.3.1/thumb/v6-m/nofp\libgcc.a(_aeabi_uldivmod.o)
 .ARM.attributes
                0x00000838       0x2c C:/ST/STM32CubeIDE_1.16.0/STM32CubeIDE/plugins/com.st.stm32cube.ide.mcu.externaltools.gnu-tools-for-stm32.12.3.rel1.win32_1.0.200.202406191623/tools/bin/../lib/gcc/arm-none-eabi/12.3.1/thumb/v6-m/nofp\libgcc.a(_udivmoddi4.o)
 .ARM.attributes
                0x00000864       0x2c C:/ST/STM32CubeIDE_1.16.0/STM32CubeIDE/plugins/com.st.stm32cube.ide.mcu.externaltools.gnu-tools-for-stm32.12.3.rel1.win32_1.0.200.202406191623/tools/bin/../lib/gcc/arm-none-eabi/12.3.1/thumb/v6-m/nofp\libgcc.a(divsf3.o)
 .ARM.attributes
                0x00000890       0x2c C:/ST/STM32CubeIDE_1.16.0/STM32CubeIDE/plugins/com.st.stm32cube.ide.mcu.externaltools.gnu-tools-for-stm32.12.3.rel1.win32_1.0.200.202406191623/tools/bin/../lib/gcc/arm-none-eabi/12.3.1/thumb/v6-m/nofp\libgcc.a(mulsf3.o)
 .ARM.attributes
                0x000008bc       0x2c C:/ST/STM32CubeIDE_1.16.0/STM32CubeIDE/plugins/com.st.stm32cube.ide.mcu.externaltools.gnu-tools-for-stm32.12.3.rel1.win32_1.0.200.202406191623/tools/bin/../lib/gcc/arm-none-eabi/12.3.1/thumb/v6-m/nofp\libgcc.a(floatunsisf.o)
 .ARM.attributes
                0x000008e8       0x1e C:/ST/STM32CubeIDE_1.16.0/STM32CubeIDE/plugins/com.st.stm32cube.ide.mcu.externaltools.gnu-tools-for-stm32.12.3.rel1.win32_1.0.200.202406191623/tools/bin/../lib/gcc/arm-none-eabi/12.3.1/thumb/v6-m/nofp\libgcc.a(_clzsi2.o)
 .ARM.attributes
                0x00000906       0x1e C:/ST/STM32CubeIDE_1.16.0/STM32CubeIDE/plugins/com.st.stm32cube.ide.mcu.externaltools.gnu-tools-for-stm32.12.3.rel1.win32_1.0.200.202406191623/tools/bin/../lib/gcc/arm-none-eabi/12.3.1/thumb/v6-m/nofp\libgcc.a(_clzdi2.o)
 .ARM.attributes
                0x00000924       0x1e C:/ST/STM32CubeIDE_1.16.0/STM32CubeIDE/plugins/com.st.stm32cube.ide.mcu.externaltools.gnu-tools-for-stm32.12.3.rel1.win32_1.0.200.202406191623/tools/bin/../lib/gcc/arm-none-eabi/12.3.1/thumb/v6-m/nofp/crtn.o
OUTPUT(ClapClap_Ledscontrol_HWv0.elf elf32-littlearm)
LOAD linker stubs
LOAD C:/ST/STM32CubeIDE_1.16.0/STM32CubeIDE/plugins/com.st.stm32cube.ide.mcu.externaltools.gnu-tools-for-stm32.12.3.rel1.win32_1.0.200.202406191623/tools/bin/../lib/gcc/arm-none-eabi/12.3.1/../../../../arm-none-eabi/lib/thumb/v6-m/nofp\libc.a
LOAD C:/ST/STM32CubeIDE_1.16.0/STM32CubeIDE/plugins/com.st.stm32cube.ide.mcu.externaltools.gnu-tools-for-stm32.12.3.rel1.win32_1.0.200.202406191623/tools/bin/../lib/gcc/arm-none-eabi/12.3.1/../../../../arm-none-eabi/lib/thumb/v6-m/nofp\libm.a
LOAD C:/ST/STM32CubeIDE_1.16.0/STM32CubeIDE/plugins/com.st.stm32cube.ide.mcu.externaltools.gnu-tools-for-stm32.12.3.rel1.win32_1.0.200.202406191623/tools/bin/../lib/gcc/arm-none-eabi/12.3.1/thumb/v6-m/nofp\libgcc.a

.debug_info     0x00000000    0x1ce76
 .debug_info    0x00000000      0x2c6 ./Core/Src/Application/CC_APP.o
 .debug_info    0x000002c6      0x3d3 ./Core/Src/Application/CC_LEDPWM.o
 .debug_info    0x00000699     0x14f1 ./Core/Src/Application/CC_SCHDLR.o
 .debug_info    0x00001b8a      0xb4d ./Core/Src/Application/CC_SM.o
 .debug_info    0x000026d7      0x224 ./Core/Src/Drivers/CC_BOARDLED.o
 .debug_info    0x000028fb      0x94d ./Core/Src/Drivers/CC_CAN.o
 .debug_info    0x00003248      0x320 ./Core/Src/Drivers/CC_DIPSW.o
 .debug_info    0x00003568      0x5a5 ./Core/Src/Drivers/CC_LED.o
 .debug_info    0x00003b0d      0x691 ./Core/Src/Drivers/CC_RTC.o
 .debug_info    0x0000419e      0x90e ./Core/Src/Drivers/CC_SERIAL.o
 .debug_info    0x00004aac      0x993 ./Core/Src/Drivers/CC_TMR.o
 .debug_info    0x0000543f      0x20e ./Core/Src/Drivers/CC_WATCHDOG.o
 .debug_info    0x0000564d     0x2122 ./Core/Src/MiddleLayer/CC_ML.o
 .debug_info    0x0000776f     0x1ef6 ./Core/Src/main.o
 .debug_info    0x00009665     0x1a51 ./Core/Src/stm32g0xx_hal_msp.o
 .debug_info    0x0000b0b6     0x14b6 ./Core/Src/stm32g0xx_it.o
 .debug_info    0x0000c56c      0x316 ./Core/Src/system_stm32g0xx.o
 .debug_info    0x0000c882       0x30 ./Core/Startup/startup_stm32g0b1cbtx.o
 .debug_info    0x0000c8b2      0xafa ./Drivers/STM32G0xx_HAL_Driver/Src/stm32g0xx_hal.o
 .debug_info    0x0000d3ac      0x8d9 ./Drivers/STM32G0xx_HAL_Driver/Src/stm32g0xx_hal_cortex.o
 .debug_info    0x0000dc85      0x869 ./Drivers/STM32G0xx_HAL_Driver/Src/stm32g0xx_hal_dma.o
 .debug_info    0x0000e4ee     0x1883 ./Drivers/STM32G0xx_HAL_Driver/Src/stm32g0xx_hal_fdcan.o
 .debug_info    0x0000fd71      0x5d9 ./Drivers/STM32G0xx_HAL_Driver/Src/stm32g0xx_hal_gpio.o
 .debug_info    0x0001034a      0x23b ./Drivers/STM32G0xx_HAL_Driver/Src/stm32g0xx_hal_iwdg.o
 .debug_info    0x00010585      0x8b5 ./Drivers/STM32G0xx_HAL_Driver/Src/stm32g0xx_hal_pwr_ex.o
 .debug_info    0x00010e3a      0xb9b ./Drivers/STM32G0xx_HAL_Driver/Src/stm32g0xx_hal_rcc.o
 .debug_info    0x000119d5      0xa41 ./Drivers/STM32G0xx_HAL_Driver/Src/stm32g0xx_hal_rcc_ex.o
 .debug_info    0x00012416      0xc9b ./Drivers/STM32G0xx_HAL_Driver/Src/stm32g0xx_hal_rtc.o
 .debug_info    0x000130b1     0x2c12 ./Drivers/STM32G0xx_HAL_Driver/Src/stm32g0xx_hal_tim.o
 .debug_info    0x00015cc3     0x1923 ./Drivers/STM32G0xx_HAL_Driver/Src/stm32g0xx_hal_tim_ex.o
 .debug_info    0x000175e6     0x48a0 ./Drivers/STM32G0xx_HAL_Driver/Src/stm32g0xx_hal_uart.o
 .debug_info    0x0001be86      0xff0 ./Drivers/STM32G0xx_HAL_Driver/Src/stm32g0xx_hal_uart_ex.o

.debug_abbrev   0x00000000     0x3eeb
 .debug_abbrev  0x00000000      0x149 ./Core/Src/Application/CC_APP.o
 .debug_abbrev  0x00000149      0x13c ./Core/Src/Application/CC_LEDPWM.o
 .debug_abbrev  0x00000285      0x243 ./Core/Src/Application/CC_SCHDLR.o
 .debug_abbrev  0x000004c8      0x1e8 ./Core/Src/Application/CC_SM.o
 .debug_abbrev  0x000006b0      0x10e ./Core/Src/Drivers/CC_BOARDLED.o
 .debug_abbrev  0x000007be      0x1e0 ./Core/Src/Drivers/CC_CAN.o
 .debug_abbrev  0x0000099e      0x1b5 ./Core/Src/Drivers/CC_DIPSW.o
 .debug_abbrev  0x00000b53      0x127 ./Core/Src/Drivers/CC_LED.o
 .debug_abbrev  0x00000c7a      0x190 ./Core/Src/Drivers/CC_RTC.o
 .debug_abbrev  0x00000e0a      0x1a7 ./Core/Src/Drivers/CC_SERIAL.o
 .debug_abbrev  0x00000fb1      0x1d6 ./Core/Src/Drivers/CC_TMR.o
 .debug_abbrev  0x00001187      0x141 ./Core/Src/Drivers/CC_WATCHDOG.o
 .debug_abbrev  0x000012c8      0x31a ./Core/Src/MiddleLayer/CC_ML.o
 .debug_abbrev  0x000015e2      0x2d4 ./Core/Src/main.o
 .debug_abbrev  0x000018b6      0x25f ./Core/Src/stm32g0xx_hal_msp.o
 .debug_abbrev  0x00001b15      0x210 ./Core/Src/stm32g0xx_it.o
 .debug_abbrev  0x00001d25      0x119 ./Core/Src/system_stm32g0xx.o
 .debug_abbrev  0x00001e3e       0x24 ./Core/Startup/startup_stm32g0b1cbtx.o
 .debug_abbrev  0x00001e62      0x27f ./Drivers/STM32G0xx_HAL_Driver/Src/stm32g0xx_hal.o
 .debug_abbrev  0x000020e1      0x2ab ./Drivers/STM32G0xx_HAL_Driver/Src/stm32g0xx_hal_cortex.o
 .debug_abbrev  0x0000238c      0x214 ./Drivers/STM32G0xx_HAL_Driver/Src/stm32g0xx_hal_dma.o
 .debug_abbrev  0x000025a0      0x1eb ./Drivers/STM32G0xx_HAL_Driver/Src/stm32g0xx_hal_fdcan.o
 .debug_abbrev  0x0000278b      0x1c8 ./Drivers/STM32G0xx_HAL_Driver/Src/stm32g0xx_hal_gpio.o
 .debug_abbrev  0x00002953      0x166 ./Drivers/STM32G0xx_HAL_Driver/Src/stm32g0xx_hal_iwdg.o
 .debug_abbrev  0x00002ab9      0x23c ./Drivers/STM32G0xx_HAL_Driver/Src/stm32g0xx_hal_pwr_ex.o
 .debug_abbrev  0x00002cf5      0x2aa ./Drivers/STM32G0xx_HAL_Driver/Src/stm32g0xx_hal_rcc.o
 .debug_abbrev  0x00002f9f      0x244 ./Drivers/STM32G0xx_HAL_Driver/Src/stm32g0xx_hal_rcc_ex.o
 .debug_abbrev  0x000031e3      0x206 ./Drivers/STM32G0xx_HAL_Driver/Src/stm32g0xx_hal_rtc.o
 .debug_abbrev  0x000033e9      0x287 ./Drivers/STM32G0xx_HAL_Driver/Src/stm32g0xx_hal_tim.o
 .debug_abbrev  0x00003670      0x297 ./Drivers/STM32G0xx_HAL_Driver/Src/stm32g0xx_hal_tim_ex.o
 .debug_abbrev  0x00003907      0x311 ./Drivers/STM32G0xx_HAL_Driver/Src/stm32g0xx_hal_uart.o
 .debug_abbrev  0x00003c18      0x2d3 ./Drivers/STM32G0xx_HAL_Driver/Src/stm32g0xx_hal_uart_ex.o

.debug_aranges  0x00000000     0x1790
 .debug_aranges
                0x00000000       0x30 ./Core/Src/Application/CC_APP.o
 .debug_aranges
                0x00000030       0x38 ./Core/Src/Application/CC_LEDPWM.o
 .debug_aranges
                0x00000068       0x40 ./Core/Src/Application/CC_SCHDLR.o
 .debug_aranges
                0x000000a8       0x20 ./Core/Src/Application/CC_SM.o
 .debug_aranges
                0x000000c8       0x30 ./Core/Src/Drivers/CC_BOARDLED.o
 .debug_aranges
                0x000000f8       0x48 ./Core/Src/Drivers/CC_CAN.o
 .debug_aranges
                0x00000140       0x38 ./Core/Src/Drivers/CC_DIPSW.o
 .debug_aranges
                0x00000178      0x1f8 ./Core/Src/Drivers/CC_LED.o
 .debug_aranges
                0x00000370       0x38 ./Core/Src/Drivers/CC_RTC.o
 .debug_aranges
                0x000003a8       0x30 ./Core/Src/Drivers/CC_SERIAL.o
 .debug_aranges
                0x000003d8       0x58 ./Core/Src/Drivers/CC_TMR.o
 .debug_aranges
                0x00000430       0x20 ./Core/Src/Drivers/CC_WATCHDOG.o
 .debug_aranges
                0x00000450       0xe0 ./Core/Src/MiddleLayer/CC_ML.o
 .debug_aranges
                0x00000530       0x70 ./Core/Src/main.o
 .debug_aranges
                0x000005a0       0x60 ./Core/Src/stm32g0xx_hal_msp.o
 .debug_aranges
                0x00000600       0x68 ./Core/Src/stm32g0xx_it.o
 .debug_aranges
                0x00000668       0x28 ./Core/Src/system_stm32g0xx.o
 .debug_aranges
                0x00000690       0x28 ./Core/Startup/startup_stm32g0b1cbtx.o
 .debug_aranges
                0x000006b8      0x130 ./Drivers/STM32G0xx_HAL_Driver/Src/stm32g0xx_hal.o
 .debug_aranges
                0x000007e8       0xe8 ./Drivers/STM32G0xx_HAL_Driver/Src/stm32g0xx_hal_cortex.o
 .debug_aranges
                0x000008d0       0x90 ./Drivers/STM32G0xx_HAL_Driver/Src/stm32g0xx_hal_dma.o
 .debug_aranges
                0x00000960      0x208 ./Drivers/STM32G0xx_HAL_Driver/Src/stm32g0xx_hal_fdcan.o
 .debug_aranges
                0x00000b68       0x60 ./Drivers/STM32G0xx_HAL_Driver/Src/stm32g0xx_hal_gpio.o
 .debug_aranges
                0x00000bc8       0x28 ./Drivers/STM32G0xx_HAL_Driver/Src/stm32g0xx_hal_iwdg.o
 .debug_aranges
                0x00000bf0      0x128 ./Drivers/STM32G0xx_HAL_Driver/Src/stm32g0xx_hal_pwr_ex.o
 .debug_aranges
                0x00000d18       0xa0 ./Drivers/STM32G0xx_HAL_Driver/Src/stm32g0xx_hal_rcc.o
 .debug_aranges
                0x00000db8       0x88 ./Drivers/STM32G0xx_HAL_Driver/Src/stm32g0xx_hal_rcc_ex.o
 .debug_aranges
                0x00000e40       0xe8 ./Drivers/STM32G0xx_HAL_Driver/Src/stm32g0xx_hal_rtc.o
 .debug_aranges
                0x00000f28      0x3e0 ./Drivers/STM32G0xx_HAL_Driver/Src/stm32g0xx_hal_tim.o
 .debug_aranges
                0x00001308      0x198 ./Drivers/STM32G0xx_HAL_Driver/Src/stm32g0xx_hal_tim_ex.o
 .debug_aranges
                0x000014a0      0x248 ./Drivers/STM32G0xx_HAL_Driver/Src/stm32g0xx_hal_uart.o
 .debug_aranges
                0x000016e8       0xa8 ./Drivers/STM32G0xx_HAL_Driver/Src/stm32g0xx_hal_uart_ex.o

.debug_rnglists
                0x00000000     0x121a
 .debug_rnglists
                0x00000000       0x20 ./Core/Src/Application/CC_APP.o
 .debug_rnglists
                0x00000020       0x27 ./Core/Src/Application/CC_LEDPWM.o
 .debug_rnglists
                0x00000047       0x2f ./Core/Src/Application/CC_SCHDLR.o
 .debug_rnglists
                0x00000076       0x14 ./Core/Src/Application/CC_SM.o
 .debug_rnglists
                0x0000008a       0x1f ./Core/Src/Drivers/CC_BOARDLED.o
 .debug_rnglists
                0x000000a9       0x31 ./Core/Src/Drivers/CC_CAN.o
 .debug_rnglists
                0x000000da       0x27 ./Core/Src/Drivers/CC_DIPSW.o
 .debug_rnglists
                0x00000101      0x175 ./Core/Src/Drivers/CC_LED.o
 .debug_rnglists
                0x00000276       0x27 ./Core/Src/Drivers/CC_RTC.o
 .debug_rnglists
                0x0000029d       0x1f ./Core/Src/Drivers/CC_SERIAL.o
 .debug_rnglists
                0x000002bc       0x3d ./Core/Src/Drivers/CC_TMR.o
 .debug_rnglists
                0x000002f9       0x13 ./Core/Src/Drivers/CC_WATCHDOG.o
 .debug_rnglists
                0x0000030c       0xa4 ./Core/Src/MiddleLayer/CC_ML.o
 .debug_rnglists
                0x000003b0       0x54 ./Core/Src/main.o
 .debug_rnglists
                0x00000404       0x46 ./Core/Src/stm32g0xx_hal_msp.o
 .debug_rnglists
                0x0000044a       0x49 ./Core/Src/stm32g0xx_it.o
 .debug_rnglists
                0x00000493       0x1a ./Core/Src/system_stm32g0xx.o
 .debug_rnglists
                0x000004ad       0x19 ./Core/Startup/startup_stm32g0b1cbtx.o
 .debug_rnglists
                0x000004c6       0xe0 ./Drivers/STM32G0xx_HAL_Driver/Src/stm32g0xx_hal.o
 .debug_rnglists
                0x000005a6       0xaa ./Drivers/STM32G0xx_HAL_Driver/Src/stm32g0xx_hal_cortex.o
 .debug_rnglists
                0x00000650       0x72 ./Drivers/STM32G0xx_HAL_Driver/Src/stm32g0xx_hal_dma.o
 .debug_rnglists
                0x000006c2      0x18d ./Drivers/STM32G0xx_HAL_Driver/Src/stm32g0xx_hal_fdcan.o
 .debug_rnglists
                0x0000084f       0x45 ./Drivers/STM32G0xx_HAL_Driver/Src/stm32g0xx_hal_gpio.o
 .debug_rnglists
                0x00000894       0x1a ./Drivers/STM32G0xx_HAL_Driver/Src/stm32g0xx_hal_iwdg.o
 .debug_rnglists
                0x000008ae       0xe0 ./Drivers/STM32G0xx_HAL_Driver/Src/stm32g0xx_hal_pwr_ex.o
 .debug_rnglists
                0x0000098e       0x79 ./Drivers/STM32G0xx_HAL_Driver/Src/stm32g0xx_hal_rcc.o
 .debug_rnglists
                0x00000a07       0x69 ./Drivers/STM32G0xx_HAL_Driver/Src/stm32g0xx_hal_rcc_ex.o
 .debug_rnglists
                0x00000a70       0xb5 ./Drivers/STM32G0xx_HAL_Driver/Src/stm32g0xx_hal_rtc.o
 .debug_rnglists
                0x00000b25      0x32a ./Drivers/STM32G0xx_HAL_Driver/Src/stm32g0xx_hal_tim.o
 .debug_rnglists
                0x00000e4f      0x14e ./Drivers/STM32G0xx_HAL_Driver/Src/stm32g0xx_hal_tim_ex.o
 .debug_rnglists
                0x00000f9d      0x1fd ./Drivers/STM32G0xx_HAL_Driver/Src/stm32g0xx_hal_uart.o
 .debug_rnglists
                0x0000119a       0x80 ./Drivers/STM32G0xx_HAL_Driver/Src/stm32g0xx_hal_uart_ex.o

.debug_macro    0x00000000    0x206dc
 .debug_macro   0x00000000      0x37f ./Core/Src/Application/CC_APP.o
 .debug_macro   0x0000037f      0xa8a ./Core/Src/Application/CC_APP.o
 .debug_macro   0x00000e09      0x13c ./Core/Src/Application/CC_APP.o
 .debug_macro   0x00000f45       0x2e ./Core/Src/Application/CC_APP.o
 .debug_macro   0x00000f73       0x28 ./Core/Src/Application/CC_APP.o
 .debug_macro   0x00000f9b       0x22 ./Core/Src/Application/CC_APP.o
 .debug_macro   0x00000fbd       0x8e ./Core/Src/Application/CC_APP.o
 .debug_macro   0x0000104b       0x51 ./Core/Src/Application/CC_APP.o
 .debug_macro   0x0000109c      0x103 ./Core/Src/Application/CC_APP.o
 .debug_macro   0x0000119f       0x6a ./Core/Src/Application/CC_APP.o
 .debug_macro   0x00001209      0x1df ./Core/Src/Application/CC_APP.o
 .debug_macro   0x000013e8       0x1c ./Core/Src/Application/CC_APP.o