../Core/Src/main.c:106:5:main	8	static
../Core/Src/main.c:174:6:SystemClock_Config	96	static
../Core/Src/main.c:221:13:MX_FDCAN2_Init	8	static
../Core/Src/main.c:264:13:MX_IWDG_Init	8	static
../Core/Src/main.c:293:13:MX_RTC_Init	8	static
../Core/Src/main.c:330:13:MX_TIM6_Init	24	static
../Core/Src/main.c:368:13:MX_TIM7_Init	24	static
../Core/Src/main.c:406:13:MX_TIM14_Init	8	static
../Core/Src/main.c:437:13:MX_USART1_UART_Init	8	static
../Core/Src/main.c:485:13:MX_GPIO_Init	56	static
../Core/Src/main.c:585:6:Error_Handler	8	static,ignoring_inline_asm
