../Core/Src/main.c:102:5:main	8	static
../Core/Src/main.c:164:6:SystemClock_Config	96	static
../Core/Src/main.c:211:13:MX_FDCAN2_Init	8	static
../Core/Src/main.c:254:13:MX_IWDG_Init	8	static
../Core/Src/main.c:283:13:MX_TIM6_Init	24	static
../Core/Src/main.c:321:13:MX_TIM7_Init	24	static
../Core/Src/main.c:359:13:MX_TIM14_Init	8	static
../Core/Src/main.c:390:13:MX_USART1_UART_Init	8	static
../Core/Src/main.c:438:13:MX_GPIO_Init	56	static
../Core/Src/main.c:538:6:Error_Handler	8	static,ignoring_inline_asm
