../Core/Src/MiddleLayer/CC_ML.c:114:6:CC_ML_RefreshWatchdog	40	static
../Core/Src/MiddleLayer/CC_ML.c:128:6:CC_ML_StartSoftPwmBasetimeAndInterrupts	8	static
../Core/Src/MiddleLayer/CC_ML.c:135:6:CC_ML_StartScheduler	8	static
../Core/Src/MiddleLayer/CC_ML.c:142:6:CC_ML_SendUARTChar	32	static
../Core/Src/MiddleLayer/CC_ML.c:153:6:CC_ML_SendUARTString	72	dynamic
../Core/Src/MiddleLayer/CC_ML.c:169:6:CC_ML_ClearUARTRxData	8	static
../Core/Src/MiddleLayer/CC_ML.c:173:6:CC_ML_EnableRxIntUart	24	static
../Core/Src/MiddleLayer/CC_ML.c:189:6:CC_ML_InitCan	8	static
../Core/Src/MiddleLayer/CC_ML.c:193:6:CC_ML_StartCan	24	static
../Core/Src/MiddleLayer/CC_ML.c:203:6:CC_ML_EnableCanRxInt	24	static
../Core/Src/MiddleLayer/CC_ML.c:217:6:CC_ML_SendMessageCan	48	static
../Core/Src/MiddleLayer/CC_ML.c:233:6:CC_ML_SetCanRxAdress	32	static
../Core/Src/MiddleLayer/CC_ML.c:240:6:CC_ML_GetDipSwitch4pos	32	static
../Core/Src/MiddleLayer/CC_ML.c:247:6:CC_ML_UpdateSysIdFromDipSwitch	32	static
../Core/Src/MiddleLayer/CC_ML.c:256:10:CC_ML_GetTimerElapsedCounts	16	static
../Core/Src/MiddleLayer/CC_ML.c:260:10:CC_ML_GetTimerLimitCounts	16	static
../Core/Src/MiddleLayer/CC_ML.c:264:6:CC_ML_StartTimer	32	static
../Core/Src/MiddleLayer/CC_ML.c:274:6:CC_ML_StopTimer	32	static
../Core/Src/MiddleLayer/CC_ML.c:284:6:CC_ML_SetTimer	16	static
../Core/Src/MiddleLayer/CC_ML.c:288:9:CC_ML_CheckTimIntFlag	16	static
../Core/Src/MiddleLayer/CC_ML.c:294:6:CC_ML_LedBoardToggle	8	static
