../Core/Src/MiddleLayer/CC_ML.c:95:6:CC_ML_SoftPwmBasetimeandIntrrptsInit	8	static
../Core/Src/MiddleLayer/CC_ML.c:102:6:CC_ML_SchedulerInit	8	static
../Core/Src/MiddleLayer/CC_ML.c:109:6:CC_ML_InitCAN	8	static
../Core/Src/MiddleLayer/CC_ML.c:113:6:CC_ML_StartCAN	8	static
../Core/Src/MiddleLayer/CC_ML.c:117:6:CC_ML_EnableCANInt	8	static
../Core/Src/MiddleLayer/CC_ML.c:121:6:CC_ML_SendMessageCAN	40	static
../Core/Src/MiddleLayer/CC_ML.c:132:6:CC_ML_SetCanRxAdress	32	static
../Core/Src/MiddleLayer/CC_ML.c:139:6:CC_ML_GetDipSwitch4pos	32	static
../Core/Src/MiddleLayer/CC_ML.c:146:6:CC_ML_UpdateIdSysFromDipSwitch	32	static
../Core/Src/MiddleLayer/CC_ML.c:155:10:CC_ML_GetTimerElapsedCounts	16	static
../Core/Src/MiddleLayer/CC_ML.c:159:10:CC_ML_GetTimerLimitCounts	16	static
../Core/Src/MiddleLayer/CC_ML.c:163:6:CC_ML_StartTimer	16	static
../Core/Src/MiddleLayer/CC_ML.c:167:6:CC_ML_StopTimer	16	static
../Core/Src/MiddleLayer/CC_ML.c:171:6:CC_ML_SetTimer	16	static
../Core/Src/MiddleLayer/CC_ML.c:178:6:CC_ML_SendUARTString	72	dynamic
../Core/Src/MiddleLayer/CC_ML.c:191:6:CC_ML_ClearUARTRxData	8	static
../Core/Src/MiddleLayer/CC_ML.c:195:6:CC_ML_EnableRxIntUART	8	static
../Core/Src/MiddleLayer/CC_ML.c:201:6:CC_ML_LedBoardToggle	8	static
