../Core/Src/MiddleLayer/CC_ML.c:113:6:CC_ML_RefreshWatchdog	40	static
../Core/Src/MiddleLayer/CC_ML.c:127:6:CC_ML_StartSoftPwmBasetimeAndInterrupts	8	static
../Core/Src/MiddleLayer/CC_ML.c:134:6:CC_ML_StartScheduler	8	static
../Core/Src/MiddleLayer/CC_ML.c:141:6:CC_ML_SendUARTChar	32	static
../Core/Src/MiddleLayer/CC_ML.c:152:6:CC_ML_SendUARTString	72	dynamic
../Core/Src/MiddleLayer/CC_ML.c:168:6:CC_ML_ClearUARTRxData	8	static
../Core/Src/MiddleLayer/CC_ML.c:172:6:CC_ML_EnableRxIntUart	24	static
../Core/Src/MiddleLayer/CC_ML.c:188:6:CC_ML_InitCan	8	static
../Core/Src/MiddleLayer/CC_ML.c:192:6:CC_ML_StartCan	24	static
../Core/Src/MiddleLayer/CC_ML.c:202:6:CC_ML_EnableCanRxInt	24	static
../Core/Src/MiddleLayer/CC_ML.c:216:6:CC_ML_SendMessageCan	48	static
../Core/Src/MiddleLayer/CC_ML.c:232:6:CC_ML_SetCanRxAdress	32	static
../Core/Src/MiddleLayer/CC_ML.c:239:6:CC_ML_GetDipSwitch4pos	32	static
../Core/Src/MiddleLayer/CC_ML.c:246:6:CC_ML_UpdateSysIdFromDipSwitch	32	static
../Core/Src/MiddleLayer/CC_ML.c:255:10:CC_ML_GetTimerElapsedCounts	16	static
../Core/Src/MiddleLayer/CC_ML.c:259:10:CC_ML_GetTimerLimitCounts	16	static
../Core/Src/MiddleLayer/CC_ML.c:263:6:CC_ML_StartTimer	32	static
../Core/Src/MiddleLayer/CC_ML.c:273:6:CC_ML_StopTimer	32	static
../Core/Src/MiddleLayer/CC_ML.c:283:6:CC_ML_SetTimer	16	static
../Core/Src/MiddleLayer/CC_ML.c:287:9:CC_ML_CheckTimIntFlag	16	static
../Core/Src/MiddleLayer/CC_ML.c:293:6:CC_ML_LedBoardToggle	8	static
