../Core/Src/Drivers/CC_LED.c:14:6:CC_LED_InitStrips	16	static
../Core/Src/Drivers/CC_LED.c:23:6:CC_LED_UpdateStrips	8	static
../Core/Src/Drivers/CC_LED.c:35:6:CC_LED_SetColorAndStrip	16	static
../Core/Src/Drivers/CC_LED.c:83:6:CC_LED_SetColorStrip1	16	static
../Core/Src/Drivers/CC_LED.c:114:6:CC_LED_SetColorStrip2	16	static
../Core/Src/Drivers/CC_LED.c:144:6:CC_LED_SetColorStrip3	16	static
../Core/Src/Drivers/CC_LED.c:174:6:CC_LED_SetColorStrip4	16	static
../Core/Src/Drivers/CC_LED.c:204:6:CC_LED_SetColorStrip5	16	static
../Core/Src/Drivers/CC_LED.c:234:6:CC_LED_SetColorStrip6	16	static
../Core/Src/Drivers/CC_LED.c:264:6:CC_LED_SetColorStrip7	16	static
../Core/Src/Drivers/CC_LED.c:294:6:CC_LED_SetColorStrip8	16	static
../Core/Src/Drivers/CC_LED.c:324:6:CC_LED_SetColorStrip9	16	static
../Core/Src/Drivers/CC_LED.c:354:6:CC_LED_SetColorStrip10	16	static
../Core/Src/Drivers/CC_LED.c:385:6:CC_LED_TurnOnStrip1Red	8	static
../Core/Src/Drivers/CC_LED.c:391:6:CC_LED_TurnOnStrip1Green	8	static
../Core/Src/Drivers/CC_LED.c:397:6:CC_LED_TurnOnStrip1Blue	8	static
../Core/Src/Drivers/CC_LED.c:403:6:CC_LED_TurnOnStrip1White	8	static
../Core/Src/Drivers/CC_LED.c:409:6:CC_LED_TurnOnStrip1Yellow	8	static
../Core/Src/Drivers/CC_LED.c:415:6:CC_LED_TurnOnStrip1Pink	8	static
../Core/Src/Drivers/CC_LED.c:421:6:CC_LED_TurnOnStrip1Cyan	8	static
../Core/Src/Drivers/CC_LED.c:427:6:CC_LED_TurnOffStrip1	8	static
../Core/Src/Drivers/CC_LED.c:434:6:CC_LED_TurnOnStrip2Red	8	static
../Core/Src/Drivers/CC_LED.c:440:6:CC_LED_TurnOnStrip2Green	8	static
../Core/Src/Drivers/CC_LED.c:446:6:CC_LED_TurnOnStrip2Blue	8	static
../Core/Src/Drivers/CC_LED.c:452:6:CC_LED_TurnOnStrip2White	8	static
../Core/Src/Drivers/CC_LED.c:458:6:CC_LED_TurnOnStrip2Yellow	8	static
../Core/Src/Drivers/CC_LED.c:464:6:CC_LED_TurnOnStrip2Pink	8	static
../Core/Src/Drivers/CC_LED.c:470:6:CC_LED_TurnOnStrip2Cyan	8	static
../Core/Src/Drivers/CC_LED.c:476:6:CC_LED_TurnOffStrip2	8	static
../Core/Src/Drivers/CC_LED.c:483:6:CC_LED_TurnOnStrip3Red	8	static
../Core/Src/Drivers/CC_LED.c:489:6:CC_LED_TurnOnStrip3Green	8	static
../Core/Src/Drivers/CC_LED.c:495:6:CC_LED_TurnOnStrip3Blue	8	static
../Core/Src/Drivers/CC_LED.c:501:6:CC_LED_TurnOnStrip3White	8	static
../Core/Src/Drivers/CC_LED.c:507:6:CC_LED_TurnOnStrip3Yellow	8	static
../Core/Src/Drivers/CC_LED.c:513:6:CC_LED_TurnOnStrip3Pink	8	static
../Core/Src/Drivers/CC_LED.c:519:6:CC_LED_TurnOnStrip3Cyan	8	static
../Core/Src/Drivers/CC_LED.c:525:6:CC_LED_TurnOffStrip3	8	static
../Core/Src/Drivers/CC_LED.c:532:6:CC_LED_TurnOnStrip4Red	8	static
../Core/Src/Drivers/CC_LED.c:538:6:CC_LED_TurnOnStrip4Green	8	static
../Core/Src/Drivers/CC_LED.c:544:6:CC_LED_TurnOnStrip4Blue	8	static
../Core/Src/Drivers/CC_LED.c:550:6:CC_LED_TurnOnStrip4White	8	static
../Core/Src/Drivers/CC_LED.c:556:6:CC_LED_TurnOnStrip4Yellow	8	static
../Core/Src/Drivers/CC_LED.c:562:6:CC_LED_TurnOnStrip4Pink	8	static
../Core/Src/Drivers/CC_LED.c:568:6:CC_LED_TurnOnStrip4Cyan	8	static
../Core/Src/Drivers/CC_LED.c:574:6:CC_LED_TurnOffStrip4	8	static
../Core/Src/Drivers/CC_LED.c:581:6:CC_LED_TurnOnStrip5Red	8	static
../Core/Src/Drivers/CC_LED.c:587:6:CC_LED_TurnOnStrip5Green	8	static
../Core/Src/Drivers/CC_LED.c:593:6:CC_LED_TurnOnStrip5Blue	8	static
../Core/Src/Drivers/CC_LED.c:599:6:CC_LED_TurnOnStrip5White	8	static
../Core/Src/Drivers/CC_LED.c:605:6:CC_LED_TurnOnStrip5Yellow	8	static
../Core/Src/Drivers/CC_LED.c:611:6:CC_LED_TurnOnStrip5Pink	8	static
../Core/Src/Drivers/CC_LED.c:617:6:CC_LED_TurnOnStrip5Cyan	8	static
../Core/Src/Drivers/CC_LED.c:623:6:CC_LED_TurnOffStrip5	8	static
../Core/Src/Drivers/CC_LED.c:630:6:CC_LED_TurnOnStrip6Red	8	static
../Core/Src/Drivers/CC_LED.c:636:6:CC_LED_TurnOnStrip6Green	8	static
../Core/Src/Drivers/CC_LED.c:642:6:CC_LED_TurnOnStrip6Blue	8	static
../Core/Src/Drivers/CC_LED.c:648:6:CC_LED_TurnOnStrip6White	8	static
../Core/Src/Drivers/CC_LED.c:654:6:CC_LED_TurnOnStrip6Yellow	8	static
../Core/Src/Drivers/CC_LED.c:660:6:CC_LED_TurnOnStrip6Pink	8	static
../Core/Src/Drivers/CC_LED.c:666:6:CC_LED_TurnOnStrip6Cyan	8	static
../Core/Src/Drivers/CC_LED.c:672:6:CC_LED_TurnOffStrip6	8	static
../Core/Src/Drivers/CC_LED.c:679:6:CC_LED_TurnOnStrip7Red	8	static
../Core/Src/Drivers/CC_LED.c:685:6:CC_LED_TurnOnStrip7Green	8	static
../Core/Src/Drivers/CC_LED.c:691:6:CC_LED_TurnOnStrip7Blue	8	static
../Core/Src/Drivers/CC_LED.c:697:6:CC_LED_TurnOnStrip7White	8	static
../Core/Src/Drivers/CC_LED.c:703:6:CC_LED_TurnOnStrip7Yellow	8	static
../Core/Src/Drivers/CC_LED.c:709:6:CC_LED_TurnOnStrip7Pink	8	static
../Core/Src/Drivers/CC_LED.c:715:6:CC_LED_TurnOnStrip7Cyan	8	static
../Core/Src/Drivers/CC_LED.c:721:6:CC_LED_TurnOffStrip7	8	static
../Core/Src/Drivers/CC_LED.c:728:6:CC_LED_TurnOnStrip8Red	8	static
../Core/Src/Drivers/CC_LED.c:734:6:CC_LED_TurnOnStrip8Green	8	static
../Core/Src/Drivers/CC_LED.c:740:6:CC_LED_TurnOnStrip8Blue	8	static
../Core/Src/Drivers/CC_LED.c:746:6:CC_LED_TurnOnStrip8White	8	static
../Core/Src/Drivers/CC_LED.c:752:6:CC_LED_TurnOnStrip8Yellow	8	static
../Core/Src/Drivers/CC_LED.c:758:6:CC_LED_TurnOnStrip8Pink	8	static
../Core/Src/Drivers/CC_LED.c:764:6:CC_LED_TurnOnStrip8Cyan	8	static
../Core/Src/Drivers/CC_LED.c:770:6:CC_LED_TurnOffStrip8	8	static
../Core/Src/Drivers/CC_LED.c:777:6:CC_LED_TurnOnStrip9Red	8	static
../Core/Src/Drivers/CC_LED.c:783:6:CC_LED_TurnOnStrip9Green	8	static
../Core/Src/Drivers/CC_LED.c:789:6:CC_LED_TurnOnStrip9Blue	8	static
../Core/Src/Drivers/CC_LED.c:795:6:CC_LED_TurnOnStrip9White	8	static
../Core/Src/Drivers/CC_LED.c:801:6:CC_LED_TurnOnStrip9Yellow	8	static
../Core/Src/Drivers/CC_LED.c:807:6:CC_LED_TurnOnStrip9Pink	8	static
../Core/Src/Drivers/CC_LED.c:813:6:CC_LED_TurnOnStrip9Cyan	8	static
../Core/Src/Drivers/CC_LED.c:819:6:CC_LED_TurnOffStrip9	8	static
../Core/Src/Drivers/CC_LED.c:826:6:CC_LED_TurnOnStrip10Red	8	static
../Core/Src/Drivers/CC_LED.c:832:6:CC_LED_TurnOnStrip10Green	8	static
../Core/Src/Drivers/CC_LED.c:838:6:CC_LED_TurnOnStrip10Blue	8	static
../Core/Src/Drivers/CC_LED.c:844:6:CC_LED_TurnOnStrip10White	8	static
../Core/Src/Drivers/CC_LED.c:850:6:CC_LED_TurnOnStrip10Yellow	8	static
../Core/Src/Drivers/CC_LED.c:856:6:CC_LED_TurnOnStrip10Pink	8	static
../Core/Src/Drivers/CC_LED.c:862:6:CC_LED_TurnOnStrip10Cyan	8	static
../Core/Src/Drivers/CC_LED.c:868:6:CC_LED_TurnOffStrip10	8	static
../Core/Src/Drivers/CC_LED.c:877:13:CC_LED_TurnOnRedOnStrip1	8	static
../Core/Src/Drivers/CC_LED.c:881:13:CC_LED_TurnOnGreenOnStrip1	8	static
../Core/Src/Drivers/CC_LED.c:885:13:CC_LED_TurnOnBlueOnStrip1	8	static
../Core/Src/Drivers/CC_LED.c:889:13:CC_LED_TurnOffRedOnStrip1	8	static
../Core/Src/Drivers/CC_LED.c:893:13:CC_LED_TurnOffGreenOnStrip1	8	static
../Core/Src/Drivers/CC_LED.c:897:13:CC_LED_TurnOffBlueOnStrip1	8	static
../Core/Src/Drivers/CC_LED.c:902:13:CC_LED_TurnOnRedOnStrip2	8	static
../Core/Src/Drivers/CC_LED.c:906:13:CC_LED_TurnOnGreenOnStrip2	8	static
../Core/Src/Drivers/CC_LED.c:910:13:CC_LED_TurnOnBlueOnStrip2	8	static
../Core/Src/Drivers/CC_LED.c:914:13:CC_LED_TurnOffRedOnStrip2	8	static
../Core/Src/Drivers/CC_LED.c:918:13:CC_LED_TurnOffGreenOnStrip2	8	static
../Core/Src/Drivers/CC_LED.c:922:13:CC_LED_TurnOffBlueOnStrip2	8	static
../Core/Src/Drivers/CC_LED.c:927:13:CC_LED_TurnOnRedOnStrip3	8	static
../Core/Src/Drivers/CC_LED.c:931:13:CC_LED_TurnOnGreenOnStrip3	8	static
../Core/Src/Drivers/CC_LED.c:935:13:CC_LED_TurnOnBlueOnStrip3	8	static
../Core/Src/Drivers/CC_LED.c:939:13:CC_LED_TurnOffRedOnStrip3	8	static
../Core/Src/Drivers/CC_LED.c:943:13:CC_LED_TurnOffGreenOnStrip3	8	static
../Core/Src/Drivers/CC_LED.c:947:13:CC_LED_TurnOffBlueOnStrip3	8	static
../Core/Src/Drivers/CC_LED.c:952:13:CC_LED_TurnOnRedOnStrip4	8	static
../Core/Src/Drivers/CC_LED.c:956:13:CC_LED_TurnOnGreenOnStrip4	8	static
../Core/Src/Drivers/CC_LED.c:960:13:CC_LED_TurnOnBlueOnStrip4	8	static
../Core/Src/Drivers/CC_LED.c:964:13:CC_LED_TurnOffRedOnStrip4	8	static
../Core/Src/Drivers/CC_LED.c:968:13:CC_LED_TurnOffGreenOnStrip4	8	static
../Core/Src/Drivers/CC_LED.c:972:13:CC_LED_TurnOffBlueOnStrip4	8	static
../Core/Src/Drivers/CC_LED.c:977:13:CC_LED_TurnOnRedOnStrip5	8	static
../Core/Src/Drivers/CC_LED.c:981:13:CC_LED_TurnOnGreenOnStrip5	8	static
../Core/Src/Drivers/CC_LED.c:985:13:CC_LED_TurnOnBlueOnStrip5	8	static
../Core/Src/Drivers/CC_LED.c:989:13:CC_LED_TurnOffRedOnStrip5	8	static
../Core/Src/Drivers/CC_LED.c:993:13:CC_LED_TurnOffGreenOnStrip5	8	static
../Core/Src/Drivers/CC_LED.c:997:13:CC_LED_TurnOffBlueOnStrip5	8	static
../Core/Src/Drivers/CC_LED.c:1002:13:CC_LED_TurnOnRedOnStrip6	8	static
../Core/Src/Drivers/CC_LED.c:1006:13:CC_LED_TurnOnGreenOnStrip6	8	static
../Core/Src/Drivers/CC_LED.c:1010:13:CC_LED_TurnOnBlueOnStrip6	8	static
../Core/Src/Drivers/CC_LED.c:1014:13:CC_LED_TurnOffRedOnStrip6	8	static
../Core/Src/Drivers/CC_LED.c:1018:13:CC_LED_TurnOffGreenOnStrip6	8	static
../Core/Src/Drivers/CC_LED.c:1022:13:CC_LED_TurnOffBlueOnStrip6	8	static
../Core/Src/Drivers/CC_LED.c:1027:13:CC_LED_TurnOnRedOnStrip7	8	static
../Core/Src/Drivers/CC_LED.c:1031:13:CC_LED_TurnOnGreenOnStrip7	8	static
../Core/Src/Drivers/CC_LED.c:1035:13:CC_LED_TurnOnBlueOnStrip7	8	static
../Core/Src/Drivers/CC_LED.c:1039:13:CC_LED_TurnOffRedOnStrip7	8	static
../Core/Src/Drivers/CC_LED.c:1043:13:CC_LED_TurnOffGreenOnStrip7	8	static
../Core/Src/Drivers/CC_LED.c:1047:13:CC_LED_TurnOffBlueOnStrip7	8	static
../Core/Src/Drivers/CC_LED.c:1052:13:CC_LED_TurnOnRedOnStrip8	8	static
../Core/Src/Drivers/CC_LED.c:1056:13:CC_LED_TurnOnGreenOnStrip8	8	static
../Core/Src/Drivers/CC_LED.c:1060:13:CC_LED_TurnOnBlueOnStrip8	8	static
../Core/Src/Drivers/CC_LED.c:1064:13:CC_LED_TurnOffRedOnStrip8	8	static
../Core/Src/Drivers/CC_LED.c:1068:13:CC_LED_TurnOffGreenOnStrip8	8	static
../Core/Src/Drivers/CC_LED.c:1072:13:CC_LED_TurnOffBlueOnStrip8	8	static
../Core/Src/Drivers/CC_LED.c:1077:13:CC_LED_TurnOnRedOnStrip9	8	static
../Core/Src/Drivers/CC_LED.c:1081:13:CC_LED_TurnOnGreenOnStrip9	8	static
../Core/Src/Drivers/CC_LED.c:1085:13:CC_LED_TurnOnBlueOnStrip9	8	static
../Core/Src/Drivers/CC_LED.c:1089:13:CC_LED_TurnOffRedOnStrip9	8	static
../Core/Src/Drivers/CC_LED.c:1093:13:CC_LED_TurnOffGreenOnStrip9	8	static
../Core/Src/Drivers/CC_LED.c:1097:13:CC_LED_TurnOffBlueOnStrip9	8	static
../Core/Src/Drivers/CC_LED.c:1102:13:CC_LED_TurnOnRedOnStrip10	8	static
../Core/Src/Drivers/CC_LED.c:1106:13:CC_LED_TurnOnGreenOnStrip10	8	static
../Core/Src/Drivers/CC_LED.c:1110:13:CC_LED_TurnOnBlueOnStrip10	8	static
../Core/Src/Drivers/CC_LED.c:1114:13:CC_LED_TurnOffRedOnStrip10	8	static
../Core/Src/Drivers/CC_LED.c:1118:13:CC_LED_TurnOffGreenOnStrip10	8	static
../Core/Src/Drivers/CC_LED.c:1122:13:CC_LED_TurnOffBlueOnStrip10	8	static
