../Core/Src/Drivers/CC_LED.c:28:6:CC_LED_InitStrips	16	static
../Core/Src/Drivers/CC_LED.c:37:6:CC_LED_UpdateStrips	8	static
../Core/Src/Drivers/CC_LED.c:49:6:CC_LED_SetColorAndStrip	16	static
../Core/Src/Drivers/CC_LED.c:97:6:CC_LED_SetColorStrip1	16	static
../Core/Src/Drivers/CC_LED.c:128:6:CC_LED_SetColorStrip2	16	static
../Core/Src/Drivers/CC_LED.c:158:6:CC_LED_SetColorStrip3	16	static
../Core/Src/Drivers/CC_LED.c:188:6:CC_LED_SetColorStrip4	16	static
../Core/Src/Drivers/CC_LED.c:218:6:CC_LED_SetColorStrip5	16	static
../Core/Src/Drivers/CC_LED.c:248:6:CC_LED_SetColorStrip6	16	static
../Core/Src/Drivers/CC_LED.c:278:6:CC_LED_SetColorStrip7	16	static
../Core/Src/Drivers/CC_LED.c:308:6:CC_LED_SetColorStrip8	16	static
../Core/Src/Drivers/CC_LED.c:338:6:CC_LED_SetColorStrip9	16	static
../Core/Src/Drivers/CC_LED.c:368:6:CC_LED_SetColorStrip10	16	static
../Core/Src/Drivers/CC_LED.c:399:6:CC_LED_TurnOnStrip1Red	8	static
../Core/Src/Drivers/CC_LED.c:405:6:CC_LED_TurnOnStrip1Green	8	static
../Core/Src/Drivers/CC_LED.c:411:6:CC_LED_TurnOnStrip1Blue	8	static
../Core/Src/Drivers/CC_LED.c:417:6:CC_LED_TurnOnStrip1White	8	static
../Core/Src/Drivers/CC_LED.c:423:6:CC_LED_TurnOnStrip1Yellow	8	static
../Core/Src/Drivers/CC_LED.c:429:6:CC_LED_TurnOnStrip1Pink	8	static
../Core/Src/Drivers/CC_LED.c:435:6:CC_LED_TurnOnStrip1Cyan	8	static
../Core/Src/Drivers/CC_LED.c:441:6:CC_LED_TurnOffStrip1	8	static
../Core/Src/Drivers/CC_LED.c:448:6:CC_LED_TurnOnStrip2Red	8	static
../Core/Src/Drivers/CC_LED.c:454:6:CC_LED_TurnOnStrip2Green	8	static
../Core/Src/Drivers/CC_LED.c:460:6:CC_LED_TurnOnStrip2Blue	8	static
../Core/Src/Drivers/CC_LED.c:466:6:CC_LED_TurnOnStrip2White	8	static
../Core/Src/Drivers/CC_LED.c:472:6:CC_LED_TurnOnStrip2Yellow	8	static
../Core/Src/Drivers/CC_LED.c:478:6:CC_LED_TurnOnStrip2Pink	8	static
../Core/Src/Drivers/CC_LED.c:484:6:CC_LED_TurnOnStrip2Cyan	8	static
../Core/Src/Drivers/CC_LED.c:490:6:CC_LED_TurnOffStrip2	8	static
../Core/Src/Drivers/CC_LED.c:497:6:CC_LED_TurnOnStrip3Red	8	static
../Core/Src/Drivers/CC_LED.c:503:6:CC_LED_TurnOnStrip3Green	8	static
../Core/Src/Drivers/CC_LED.c:509:6:CC_LED_TurnOnStrip3Blue	8	static
../Core/Src/Drivers/CC_LED.c:515:6:CC_LED_TurnOnStrip3White	8	static
../Core/Src/Drivers/CC_LED.c:521:6:CC_LED_TurnOnStrip3Yellow	8	static
../Core/Src/Drivers/CC_LED.c:527:6:CC_LED_TurnOnStrip3Pink	8	static
../Core/Src/Drivers/CC_LED.c:533:6:CC_LED_TurnOnStrip3Cyan	8	static
../Core/Src/Drivers/CC_LED.c:539:6:CC_LED_TurnOffStrip3	8	static
../Core/Src/Drivers/CC_LED.c:546:6:CC_LED_TurnOnStrip4Red	8	static
../Core/Src/Drivers/CC_LED.c:552:6:CC_LED_TurnOnStrip4Green	8	static
../Core/Src/Drivers/CC_LED.c:558:6:CC_LED_TurnOnStrip4Blue	8	static
../Core/Src/Drivers/CC_LED.c:564:6:CC_LED_TurnOnStrip4White	8	static
../Core/Src/Drivers/CC_LED.c:570:6:CC_LED_TurnOnStrip4Yellow	8	static
../Core/Src/Drivers/CC_LED.c:576:6:CC_LED_TurnOnStrip4Pink	8	static
../Core/Src/Drivers/CC_LED.c:582:6:CC_LED_TurnOnStrip4Cyan	8	static
../Core/Src/Drivers/CC_LED.c:588:6:CC_LED_TurnOffStrip4	8	static
../Core/Src/Drivers/CC_LED.c:595:6:CC_LED_TurnOnStrip5Red	8	static
../Core/Src/Drivers/CC_LED.c:601:6:CC_LED_TurnOnStrip5Green	8	static
../Core/Src/Drivers/CC_LED.c:607:6:CC_LED_TurnOnStrip5Blue	8	static
../Core/Src/Drivers/CC_LED.c:613:6:CC_LED_TurnOnStrip5White	8	static
../Core/Src/Drivers/CC_LED.c:619:6:CC_LED_TurnOnStrip5Yellow	8	static
../Core/Src/Drivers/CC_LED.c:625:6:CC_LED_TurnOnStrip5Pink	8	static
../Core/Src/Drivers/CC_LED.c:631:6:CC_LED_TurnOnStrip5Cyan	8	static
../Core/Src/Drivers/CC_LED.c:637:6:CC_LED_TurnOffStrip5	8	static
../Core/Src/Drivers/CC_LED.c:644:6:CC_LED_TurnOnStrip6Red	8	static
../Core/Src/Drivers/CC_LED.c:650:6:CC_LED_TurnOnStrip6Green	8	static
../Core/Src/Drivers/CC_LED.c:656:6:CC_LED_TurnOnStrip6Blue	8	static
../Core/Src/Drivers/CC_LED.c:662:6:CC_LED_TurnOnStrip6White	8	static
../Core/Src/Drivers/CC_LED.c:668:6:CC_LED_TurnOnStrip6Yellow	8	static
../Core/Src/Drivers/CC_LED.c:674:6:CC_LED_TurnOnStrip6Pink	8	static
../Core/Src/Drivers/CC_LED.c:680:6:CC_LED_TurnOnStrip6Cyan	8	static
../Core/Src/Drivers/CC_LED.c:686:6:CC_LED_TurnOffStrip6	8	static
../Core/Src/Drivers/CC_LED.c:693:6:CC_LED_TurnOnStrip7Red	8	static
../Core/Src/Drivers/CC_LED.c:699:6:CC_LED_TurnOnStrip7Green	8	static
../Core/Src/Drivers/CC_LED.c:705:6:CC_LED_TurnOnStrip7Blue	8	static
../Core/Src/Drivers/CC_LED.c:711:6:CC_LED_TurnOnStrip7White	8	static
../Core/Src/Drivers/CC_LED.c:717:6:CC_LED_TurnOnStrip7Yellow	8	static
../Core/Src/Drivers/CC_LED.c:723:6:CC_LED_TurnOnStrip7Pink	8	static
../Core/Src/Drivers/CC_LED.c:729:6:CC_LED_TurnOnStrip7Cyan	8	static
../Core/Src/Drivers/CC_LED.c:735:6:CC_LED_TurnOffStrip7	8	static
../Core/Src/Drivers/CC_LED.c:742:6:CC_LED_TurnOnStrip8Red	8	static
../Core/Src/Drivers/CC_LED.c:748:6:CC_LED_TurnOnStrip8Green	8	static
../Core/Src/Drivers/CC_LED.c:754:6:CC_LED_TurnOnStrip8Blue	8	static
../Core/Src/Drivers/CC_LED.c:760:6:CC_LED_TurnOnStrip8White	8	static
../Core/Src/Drivers/CC_LED.c:766:6:CC_LED_TurnOnStrip8Yellow	8	static
../Core/Src/Drivers/CC_LED.c:772:6:CC_LED_TurnOnStrip8Pink	8	static
../Core/Src/Drivers/CC_LED.c:778:6:CC_LED_TurnOnStrip8Cyan	8	static
../Core/Src/Drivers/CC_LED.c:784:6:CC_LED_TurnOffStrip8	8	static
../Core/Src/Drivers/CC_LED.c:791:6:CC_LED_TurnOnStrip9Red	8	static
../Core/Src/Drivers/CC_LED.c:797:6:CC_LED_TurnOnStrip9Green	8	static
../Core/Src/Drivers/CC_LED.c:803:6:CC_LED_TurnOnStrip9Blue	8	static
../Core/Src/Drivers/CC_LED.c:809:6:CC_LED_TurnOnStrip9White	8	static
../Core/Src/Drivers/CC_LED.c:815:6:CC_LED_TurnOnStrip9Yellow	8	static
../Core/Src/Drivers/CC_LED.c:821:6:CC_LED_TurnOnStrip9Pink	8	static
../Core/Src/Drivers/CC_LED.c:827:6:CC_LED_TurnOnStrip9Cyan	8	static
../Core/Src/Drivers/CC_LED.c:833:6:CC_LED_TurnOffStrip9	8	static
../Core/Src/Drivers/CC_LED.c:840:6:CC_LED_TurnOnStrip10Red	8	static
../Core/Src/Drivers/CC_LED.c:846:6:CC_LED_TurnOnStrip10Green	8	static
../Core/Src/Drivers/CC_LED.c:852:6:CC_LED_TurnOnStrip10Blue	8	static
../Core/Src/Drivers/CC_LED.c:858:6:CC_LED_TurnOnStrip10White	8	static
../Core/Src/Drivers/CC_LED.c:864:6:CC_LED_TurnOnStrip10Yellow	8	static
../Core/Src/Drivers/CC_LED.c:870:6:CC_LED_TurnOnStrip10Pink	8	static
../Core/Src/Drivers/CC_LED.c:876:6:CC_LED_TurnOnStrip10Cyan	8	static
../Core/Src/Drivers/CC_LED.c:882:6:CC_LED_TurnOffStrip10	8	static
../Core/Src/Drivers/CC_LED.c:891:13:CC_LED_TurnOnRedOnStrip1	8	static
../Core/Src/Drivers/CC_LED.c:895:13:CC_LED_TurnOnGreenOnStrip1	8	static
../Core/Src/Drivers/CC_LED.c:899:13:CC_LED_TurnOnBlueOnStrip1	8	static
../Core/Src/Drivers/CC_LED.c:903:13:CC_LED_TurnOffRedOnStrip1	8	static
../Core/Src/Drivers/CC_LED.c:907:13:CC_LED_TurnOffGreenOnStrip1	8	static
../Core/Src/Drivers/CC_LED.c:911:13:CC_LED_TurnOffBlueOnStrip1	8	static
../Core/Src/Drivers/CC_LED.c:916:13:CC_LED_TurnOnRedOnStrip2	8	static
../Core/Src/Drivers/CC_LED.c:920:13:CC_LED_TurnOnGreenOnStrip2	8	static
../Core/Src/Drivers/CC_LED.c:924:13:CC_LED_TurnOnBlueOnStrip2	8	static
../Core/Src/Drivers/CC_LED.c:928:13:CC_LED_TurnOffRedOnStrip2	8	static
../Core/Src/Drivers/CC_LED.c:932:13:CC_LED_TurnOffGreenOnStrip2	8	static
../Core/Src/Drivers/CC_LED.c:936:13:CC_LED_TurnOffBlueOnStrip2	8	static
../Core/Src/Drivers/CC_LED.c:941:13:CC_LED_TurnOnRedOnStrip3	8	static
../Core/Src/Drivers/CC_LED.c:945:13:CC_LED_TurnOnGreenOnStrip3	8	static
../Core/Src/Drivers/CC_LED.c:949:13:CC_LED_TurnOnBlueOnStrip3	8	static
../Core/Src/Drivers/CC_LED.c:953:13:CC_LED_TurnOffRedOnStrip3	8	static
../Core/Src/Drivers/CC_LED.c:957:13:CC_LED_TurnOffGreenOnStrip3	8	static
../Core/Src/Drivers/CC_LED.c:961:13:CC_LED_TurnOffBlueOnStrip3	8	static
../Core/Src/Drivers/CC_LED.c:966:13:CC_LED_TurnOnRedOnStrip4	8	static
../Core/Src/Drivers/CC_LED.c:970:13:CC_LED_TurnOnGreenOnStrip4	8	static
../Core/Src/Drivers/CC_LED.c:974:13:CC_LED_TurnOnBlueOnStrip4	8	static
../Core/Src/Drivers/CC_LED.c:978:13:CC_LED_TurnOffRedOnStrip4	8	static
../Core/Src/Drivers/CC_LED.c:982:13:CC_LED_TurnOffGreenOnStrip4	8	static
../Core/Src/Drivers/CC_LED.c:986:13:CC_LED_TurnOffBlueOnStrip4	8	static
../Core/Src/Drivers/CC_LED.c:991:13:CC_LED_TurnOnRedOnStrip5	8	static
../Core/Src/Drivers/CC_LED.c:995:13:CC_LED_TurnOnGreenOnStrip5	8	static
../Core/Src/Drivers/CC_LED.c:999:13:CC_LED_TurnOnBlueOnStrip5	8	static
../Core/Src/Drivers/CC_LED.c:1003:13:CC_LED_TurnOffRedOnStrip5	8	static
../Core/Src/Drivers/CC_LED.c:1007:13:CC_LED_TurnOffGreenOnStrip5	8	static
../Core/Src/Drivers/CC_LED.c:1011:13:CC_LED_TurnOffBlueOnStrip5	8	static
../Core/Src/Drivers/CC_LED.c:1016:13:CC_LED_TurnOnRedOnStrip6	8	static
../Core/Src/Drivers/CC_LED.c:1020:13:CC_LED_TurnOnGreenOnStrip6	8	static
../Core/Src/Drivers/CC_LED.c:1024:13:CC_LED_TurnOnBlueOnStrip6	8	static
../Core/Src/Drivers/CC_LED.c:1028:13:CC_LED_TurnOffRedOnStrip6	8	static
../Core/Src/Drivers/CC_LED.c:1032:13:CC_LED_TurnOffGreenOnStrip6	8	static
../Core/Src/Drivers/CC_LED.c:1036:13:CC_LED_TurnOffBlueOnStrip6	8	static
../Core/Src/Drivers/CC_LED.c:1041:13:CC_LED_TurnOnRedOnStrip7	8	static
../Core/Src/Drivers/CC_LED.c:1045:13:CC_LED_TurnOnGreenOnStrip7	8	static
../Core/Src/Drivers/CC_LED.c:1049:13:CC_LED_TurnOnBlueOnStrip7	8	static
../Core/Src/Drivers/CC_LED.c:1053:13:CC_LED_TurnOffRedOnStrip7	8	static
../Core/Src/Drivers/CC_LED.c:1057:13:CC_LED_TurnOffGreenOnStrip7	8	static
../Core/Src/Drivers/CC_LED.c:1061:13:CC_LED_TurnOffBlueOnStrip7	8	static
../Core/Src/Drivers/CC_LED.c:1066:13:CC_LED_TurnOnRedOnStrip8	8	static
../Core/Src/Drivers/CC_LED.c:1070:13:CC_LED_TurnOnGreenOnStrip8	8	static
../Core/Src/Drivers/CC_LED.c:1074:13:CC_LED_TurnOnBlueOnStrip8	8	static
../Core/Src/Drivers/CC_LED.c:1078:13:CC_LED_TurnOffRedOnStrip8	8	static
../Core/Src/Drivers/CC_LED.c:1082:13:CC_LED_TurnOffGreenOnStrip8	8	static
../Core/Src/Drivers/CC_LED.c:1086:13:CC_LED_TurnOffBlueOnStrip8	8	static
../Core/Src/Drivers/CC_LED.c:1091:13:CC_LED_TurnOnRedOnStrip9	8	static
../Core/Src/Drivers/CC_LED.c:1095:13:CC_LED_TurnOnGreenOnStrip9	8	static
../Core/Src/Drivers/CC_LED.c:1099:13:CC_LED_TurnOnBlueOnStrip9	8	static
../Core/Src/Drivers/CC_LED.c:1103:13:CC_LED_TurnOffRedOnStrip9	8	static
../Core/Src/Drivers/CC_LED.c:1107:13:CC_LED_TurnOffGreenOnStrip9	8	static
../Core/Src/Drivers/CC_LED.c:1111:13:CC_LED_TurnOffBlueOnStrip9	8	static
../Core/Src/Drivers/CC_LED.c:1116:13:CC_LED_TurnOnRedOnStrip10	8	static
../Core/Src/Drivers/CC_LED.c:1120:13:CC_LED_TurnOnGreenOnStrip10	8	static
../Core/Src/Drivers/CC_LED.c:1124:13:CC_LED_TurnOnBlueOnStrip10	8	static
../Core/Src/Drivers/CC_LED.c:1128:13:CC_LED_TurnOffRedOnStrip10	8	static
../Core/Src/Drivers/CC_LED.c:1132:13:CC_LED_TurnOffGreenOnStrip10	8	static
../Core/Src/Drivers/CC_LED.c:1136:13:CC_LED_TurnOffBlueOnStrip10	8	static
