../Core/Src/Drivers/CC_LED.c:28:13:CC_LED_TurnOnRedOnStrip1	8	static
../Core/Src/Drivers/CC_LED.c:32:13:CC_LED_TurnOnGreenOnStrip1	8	static
../Core/Src/Drivers/CC_LED.c:36:13:CC_LED_TurnOnBlueOnStrip1	8	static
../Core/Src/Drivers/CC_LED.c:40:13:CC_LED_TurnOffRedOnStrip1	8	static
../Core/Src/Drivers/CC_LED.c:44:13:CC_LED_TurnOffGreenOnStrip1	8	static
../Core/Src/Drivers/CC_LED.c:48:13:CC_LED_TurnOffBlueOnStrip1	8	static
../Core/Src/Drivers/CC_LED.c:53:13:CC_LED_TurnOnRedOnStrip2	8	static
../Core/Src/Drivers/CC_LED.c:57:13:CC_LED_TurnOnGreenOnStrip2	8	static
../Core/Src/Drivers/CC_LED.c:61:13:CC_LED_TurnOnBlueOnStrip2	8	static
../Core/Src/Drivers/CC_LED.c:65:13:CC_LED_TurnOffRedOnStrip2	8	static
../Core/Src/Drivers/CC_LED.c:69:13:CC_LED_TurnOffGreenOnStrip2	8	static
../Core/Src/Drivers/CC_LED.c:73:13:CC_LED_TurnOffBlueOnStrip2	8	static
../Core/Src/Drivers/CC_LED.c:78:13:CC_LED_TurnOnRedOnStrip3	8	static
../Core/Src/Drivers/CC_LED.c:82:13:CC_LED_TurnOnGreenOnStrip3	8	static
../Core/Src/Drivers/CC_LED.c:86:13:CC_LED_TurnOnBlueOnStrip3	8	static
../Core/Src/Drivers/CC_LED.c:90:13:CC_LED_TurnOffRedOnStrip3	8	static
../Core/Src/Drivers/CC_LED.c:94:13:CC_LED_TurnOffGreenOnStrip3	8	static
../Core/Src/Drivers/CC_LED.c:98:13:CC_LED_TurnOffBlueOnStrip3	8	static
../Core/Src/Drivers/CC_LED.c:103:13:CC_LED_TurnOnRedOnStrip4	8	static
../Core/Src/Drivers/CC_LED.c:107:13:CC_LED_TurnOnGreenOnStrip4	8	static
../Core/Src/Drivers/CC_LED.c:111:13:CC_LED_TurnOnBlueOnStrip4	8	static
../Core/Src/Drivers/CC_LED.c:115:13:CC_LED_TurnOffRedOnStrip4	8	static
../Core/Src/Drivers/CC_LED.c:119:13:CC_LED_TurnOffGreenOnStrip4	8	static
../Core/Src/Drivers/CC_LED.c:123:13:CC_LED_TurnOffBlueOnStrip4	8	static
../Core/Src/Drivers/CC_LED.c:128:13:CC_LED_TurnOnRedOnStrip5	8	static
../Core/Src/Drivers/CC_LED.c:132:13:CC_LED_TurnOnGreenOnStrip5	8	static
../Core/Src/Drivers/CC_LED.c:136:13:CC_LED_TurnOnBlueOnStrip5	8	static
../Core/Src/Drivers/CC_LED.c:140:13:CC_LED_TurnOffRedOnStrip5	8	static
../Core/Src/Drivers/CC_LED.c:144:13:CC_LED_TurnOffGreenOnStrip5	8	static
../Core/Src/Drivers/CC_LED.c:148:13:CC_LED_TurnOffBlueOnStrip5	8	static
../Core/Src/Drivers/CC_LED.c:153:13:CC_LED_TurnOnRedOnStrip6	8	static
../Core/Src/Drivers/CC_LED.c:157:13:CC_LED_TurnOnGreenOnStrip6	8	static
../Core/Src/Drivers/CC_LED.c:161:13:CC_LED_TurnOnBlueOnStrip6	8	static
../Core/Src/Drivers/CC_LED.c:165:13:CC_LED_TurnOffRedOnStrip6	8	static
../Core/Src/Drivers/CC_LED.c:169:13:CC_LED_TurnOffGreenOnStrip6	8	static
../Core/Src/Drivers/CC_LED.c:173:13:CC_LED_TurnOffBlueOnStrip6	8	static
../Core/Src/Drivers/CC_LED.c:178:13:CC_LED_TurnOnRedOnStrip7	8	static
../Core/Src/Drivers/CC_LED.c:182:13:CC_LED_TurnOnGreenOnStrip7	8	static
../Core/Src/Drivers/CC_LED.c:186:13:CC_LED_TurnOnBlueOnStrip7	8	static
../Core/Src/Drivers/CC_LED.c:190:13:CC_LED_TurnOffRedOnStrip7	8	static
../Core/Src/Drivers/CC_LED.c:194:13:CC_LED_TurnOffGreenOnStrip7	8	static
../Core/Src/Drivers/CC_LED.c:198:13:CC_LED_TurnOffBlueOnStrip7	8	static
../Core/Src/Drivers/CC_LED.c:203:13:CC_LED_TurnOnRedOnStrip8	8	static
../Core/Src/Drivers/CC_LED.c:207:13:CC_LED_TurnOnGreenOnStrip8	8	static
../Core/Src/Drivers/CC_LED.c:211:13:CC_LED_TurnOnBlueOnStrip8	8	static
../Core/Src/Drivers/CC_LED.c:215:13:CC_LED_TurnOffRedOnStrip8	8	static
../Core/Src/Drivers/CC_LED.c:219:13:CC_LED_TurnOffGreenOnStrip8	8	static
../Core/Src/Drivers/CC_LED.c:223:13:CC_LED_TurnOffBlueOnStrip8	8	static
../Core/Src/Drivers/CC_LED.c:228:13:CC_LED_TurnOnRedOnStrip9	8	static
../Core/Src/Drivers/CC_LED.c:232:13:CC_LED_TurnOnGreenOnStrip9	8	static
../Core/Src/Drivers/CC_LED.c:236:13:CC_LED_TurnOnBlueOnStrip9	8	static
../Core/Src/Drivers/CC_LED.c:240:13:CC_LED_TurnOffRedOnStrip9	8	static
../Core/Src/Drivers/CC_LED.c:244:13:CC_LED_TurnOffGreenOnStrip9	8	static
../Core/Src/Drivers/CC_LED.c:248:13:CC_LED_TurnOffBlueOnStrip9	8	static
../Core/Src/Drivers/CC_LED.c:253:13:CC_LED_TurnOnRedOnStrip10	8	static
../Core/Src/Drivers/CC_LED.c:257:13:CC_LED_TurnOnGreenOnStrip10	8	static
../Core/Src/Drivers/CC_LED.c:261:13:CC_LED_TurnOnBlueOnStrip10	8	static
../Core/Src/Drivers/CC_LED.c:265:13:CC_LED_TurnOffRedOnStrip10	8	static
../Core/Src/Drivers/CC_LED.c:269:13:CC_LED_TurnOffGreenOnStrip10	8	static
../Core/Src/Drivers/CC_LED.c:273:13:CC_LED_TurnOffBlueOnStrip10	8	static
